Archive member included to satisfy reference by file (symbol)

c:/dev/micro/tools/arm-gnu-toolchain-11.3.rel1-mingw-w64-i686-arm-none-eabi/bin/../lib/gcc/arm-none-eabi/11.3.1/thumb/v7e-m+fp/hard\libc_nano.a(libc_a-exit.o)
                              c:/dev/micro/tools/arm-gnu-toolchain-11.3.rel1-mingw-w64-i686-arm-none-eabi/bin/../lib/gcc/arm-none-eabi/11.3.1/thumb/v7e-m+fp/hard/crt0.o (exit)
c:/dev/micro/tools/arm-gnu-toolchain-11.3.rel1-mingw-w64-i686-arm-none-eabi/bin/../lib/gcc/arm-none-eabi/11.3.1/thumb/v7e-m+fp/hard\libc_nano.a(libc_a-findfp.o)
                              c:/dev/micro/tools/arm-gnu-toolchain-11.3.rel1-mingw-w64-i686-arm-none-eabi/bin/../lib/gcc/arm-none-eabi/11.3.1/thumb/v7e-m+fp/hard\libc_nano.a(libc_a-exit.o) (__stdio_exit_handler)
c:/dev/micro/tools/arm-gnu-toolchain-11.3.rel1-mingw-w64-i686-arm-none-eabi/bin/../lib/gcc/arm-none-eabi/11.3.1/thumb/v7e-m+fp/hard\libc_nano.a(libc_a-fwalk.o)
                              c:/dev/micro/tools/arm-gnu-toolchain-11.3.rel1-mingw-w64-i686-arm-none-eabi/bin/../lib/gcc/arm-none-eabi/11.3.1/thumb/v7e-m+fp/hard\libc_nano.a(libc_a-findfp.o) (_fwalk_sglue)
c:/dev/micro/tools/arm-gnu-toolchain-11.3.rel1-mingw-w64-i686-arm-none-eabi/bin/../lib/gcc/arm-none-eabi/11.3.1/thumb/v7e-m+fp/hard\libc_nano.a(libc_a-stdio.o)
                              c:/dev/micro/tools/arm-gnu-toolchain-11.3.rel1-mingw-w64-i686-arm-none-eabi/bin/../lib/gcc/arm-none-eabi/11.3.1/thumb/v7e-m+fp/hard\libc_nano.a(libc_a-findfp.o) (__sread)
c:/dev/micro/tools/arm-gnu-toolchain-11.3.rel1-mingw-w64-i686-arm-none-eabi/bin/../lib/gcc/arm-none-eabi/11.3.1/thumb/v7e-m+fp/hard\libc_nano.a(libc_a-memset.o)
                              c:/dev/micro/tools/arm-gnu-toolchain-11.3.rel1-mingw-w64-i686-arm-none-eabi/bin/../lib/gcc/arm-none-eabi/11.3.1/thumb/v7e-m+fp/hard/crt0.o (memset)
c:/dev/micro/tools/arm-gnu-toolchain-11.3.rel1-mingw-w64-i686-arm-none-eabi/bin/../lib/gcc/arm-none-eabi/11.3.1/thumb/v7e-m+fp/hard\libc_nano.a(libc_a-closer.o)
                              c:/dev/micro/tools/arm-gnu-toolchain-11.3.rel1-mingw-w64-i686-arm-none-eabi/bin/../lib/gcc/arm-none-eabi/11.3.1/thumb/v7e-m+fp/hard\libc_nano.a(libc_a-stdio.o) (_close_r)
c:/dev/micro/tools/arm-gnu-toolchain-11.3.rel1-mingw-w64-i686-arm-none-eabi/bin/../lib/gcc/arm-none-eabi/11.3.1/thumb/v7e-m+fp/hard\libc_nano.a(libc_a-reent.o)
                              c:/dev/micro/tools/arm-gnu-toolchain-11.3.rel1-mingw-w64-i686-arm-none-eabi/bin/../lib/gcc/arm-none-eabi/11.3.1/thumb/v7e-m+fp/hard\libc_nano.a(libc_a-closer.o) (errno)
c:/dev/micro/tools/arm-gnu-toolchain-11.3.rel1-mingw-w64-i686-arm-none-eabi/bin/../lib/gcc/arm-none-eabi/11.3.1/thumb/v7e-m+fp/hard\libc_nano.a(libc_a-impure.o)
                              c:/dev/micro/tools/arm-gnu-toolchain-11.3.rel1-mingw-w64-i686-arm-none-eabi/bin/../lib/gcc/arm-none-eabi/11.3.1/thumb/v7e-m+fp/hard\libc_nano.a(libc_a-reent.o) (_impure_ptr)
c:/dev/micro/tools/arm-gnu-toolchain-11.3.rel1-mingw-w64-i686-arm-none-eabi/bin/../lib/gcc/arm-none-eabi/11.3.1/thumb/v7e-m+fp/hard\libc_nano.a(libc_a-lseekr.o)
                              c:/dev/micro/tools/arm-gnu-toolchain-11.3.rel1-mingw-w64-i686-arm-none-eabi/bin/../lib/gcc/arm-none-eabi/11.3.1/thumb/v7e-m+fp/hard\libc_nano.a(libc_a-stdio.o) (_lseek_r)
c:/dev/micro/tools/arm-gnu-toolchain-11.3.rel1-mingw-w64-i686-arm-none-eabi/bin/../lib/gcc/arm-none-eabi/11.3.1/thumb/v7e-m+fp/hard\libc_nano.a(libc_a-readr.o)
                              c:/dev/micro/tools/arm-gnu-toolchain-11.3.rel1-mingw-w64-i686-arm-none-eabi/bin/../lib/gcc/arm-none-eabi/11.3.1/thumb/v7e-m+fp/hard\libc_nano.a(libc_a-stdio.o) (_read_r)
c:/dev/micro/tools/arm-gnu-toolchain-11.3.rel1-mingw-w64-i686-arm-none-eabi/bin/../lib/gcc/arm-none-eabi/11.3.1/thumb/v7e-m+fp/hard\libc_nano.a(libc_a-writer.o)
                              c:/dev/micro/tools/arm-gnu-toolchain-11.3.rel1-mingw-w64-i686-arm-none-eabi/bin/../lib/gcc/arm-none-eabi/11.3.1/thumb/v7e-m+fp/hard\libc_nano.a(libc_a-stdio.o) (_write_r)
c:/dev/micro/tools/arm-gnu-toolchain-11.3.rel1-mingw-w64-i686-arm-none-eabi/bin/../lib/gcc/arm-none-eabi/11.3.1/thumb/v7e-m+fp/hard\libc_nano.a(libc_a-init.o)
                              c:/dev/micro/tools/arm-gnu-toolchain-11.3.rel1-mingw-w64-i686-arm-none-eabi/bin/../lib/gcc/arm-none-eabi/11.3.1/thumb/v7e-m+fp/hard/crt0.o (__libc_init_array)
c:/dev/micro/tools/arm-gnu-toolchain-11.3.rel1-mingw-w64-i686-arm-none-eabi/bin/../lib/gcc/arm-none-eabi/11.3.1/thumb/v7e-m+fp/hard\libc_nano.a(libc_a-lock.o)
                              c:/dev/micro/tools/arm-gnu-toolchain-11.3.rel1-mingw-w64-i686-arm-none-eabi/bin/../lib/gcc/arm-none-eabi/11.3.1/thumb/v7e-m+fp/hard\libc_nano.a(libc_a-findfp.o) (__retarget_lock_init_recursive)
c:/dev/micro/tools/arm-gnu-toolchain-11.3.rel1-mingw-w64-i686-arm-none-eabi/bin/../lib/gcc/arm-none-eabi/11.3.1/thumb/v7e-m+fp/hard\libc_nano.a(libc_a-freer.o)
[...]
Memory Configuration

Name             Origin             Length             Attributes
RAM              0x20000000         0x00020000         xrw
FLASH            0x08000000         0x00080000         xr
*default*        0x00000000         0xffffffff

Linker script and memory map

LOAD c:/dev/micro/tools/arm-gnu-toolchain-11.3.rel1-mingw-w64-i686-arm-none-eabi/bin/../lib/gcc/arm-none-eabi/11.3.1/thumb/v7e-m+fp/hard/crti.o
LOAD c:/dev/micro/tools/arm-gnu-toolchain-11.3.rel1-mingw-w64-i686-arm-none-eabi/bin/../lib/gcc/arm-none-eabi/11.3.1/thumb/v7e-m+fp/hard/crtbegin.o
LOAD c:/dev/micro/tools/arm-gnu-toolchain-11.3.rel1-mingw-w64-i686-arm-none-eabi/bin/../lib/gcc/arm-none-eabi/11.3.1/thumb/v7e-m+fp/hard/crt0.o
LOAD build/main.o
LOAD build/button.o
LOAD build/stm32f4xx_it.o
LOAD build/stm32f4xx_hal_msp.o
LOAD build/stm32f4xx_hal_tim.o
LOAD build/stm32f4xx_hal_tim_ex.o
LOAD build/stm32f4xx_hal_rcc.o
LOAD build/stm32f4xx_hal_rcc_ex.o
LOAD build/stm32f4xx_hal_flash.o
LOAD build/stm32f4xx_hal_flash_ex.o
LOAD build/stm32f4xx_hal_flash_ramfunc.o
LOAD build/stm32f4xx_hal_gpio.o
LOAD build/stm32f4xx_hal_dma_ex.o
LOAD build/stm32f4xx_hal_dma.o
LOAD build/stm32f4xx_hal_pwr.o
LOAD build/stm32f4xx_hal_pwr_ex.o
LOAD build/stm32f4xx_hal_cortex.o
LOAD build/stm32f4xx_hal.o
LOAD build/stm32f4xx_hal_exti.o
LOAD build/system_stm32f4xx.o
LOAD build/startup_stm32f411xe.o
LOAD c:/dev/micro/tools/arm-gnu-toolchain-11.3.rel1-mingw-w64-i686-arm-none-eabi/bin/../lib/gcc/arm-none-eabi/11.3.1/thumb/v7e-m+fp/hard\libc_nano.a
LOAD c:/dev/micro/tools/arm-gnu-toolchain-11.3.rel1-mingw-w64-i686-arm-none-eabi/bin/../lib/gcc/arm-none-eabi/11.3.1/thumb/v7e-m+fp/hard\libm.a
LOAD c:/dev/micro/tools/arm-gnu-toolchain-11.3.rel1-mingw-w64-i686-arm-none-eabi/bin/../lib/gcc/arm-none-eabi/11.3.1/thumb/v7e-m+fp/hard\libnosys.a
START GROUP
LOAD c:/dev/micro/tools/arm-gnu-toolchain-11.3.rel1-mingw-w64-i686-arm-none-eabi/bin/../lib/gcc/arm-none-eabi/11.3.1/thumb/v7e-m+fp/hard\libgcc.a
LOAD c:/dev/micro/tools/arm-gnu-toolchain-11.3.rel1-mingw-w64-i686-arm-none-eabi/bin/../lib/gcc/arm-none-eabi/11.3.1/thumb/v7e-m+fp/hard\libc_nano.a
END GROUP
START GROUP
LOAD c:/dev/micro/tools/arm-gnu-toolchain-11.3.rel1-mingw-w64-i686-arm-none-eabi/bin/../lib/gcc/arm-none-eabi/11.3.1/thumb/v7e-m+fp/hard\libgcc.a
LOAD c:/dev/micro/tools/arm-gnu-toolchain-11.3.rel1-mingw-w64-i686-arm-none-eabi/bin/../lib/gcc/arm-none-eabi/11.3.1/thumb/v7e-m+fp/hard\libc_nano.a
END GROUP
LOAD c:/dev/micro/tools/arm-gnu-toolchain-11.3.rel1-mingw-w64-i686-arm-none-eabi/bin/../lib/gcc/arm-none-eabi/11.3.1/thumb/v7e-m+fp/hard/crtend.o
LOAD c:/dev/micro/tools/arm-gnu-toolchain-11.3.rel1-mingw-w64-i686-arm-none-eabi/bin/../lib/gcc/arm-none-eabi/11.3.1/thumb/v7e-m+fp/hard/crtn.o
                0x20020000                _estack = (ORIGIN (RAM) + LENGTH (RAM))
                0x00000200                _Min_Heap_Size = 0x200
                0x00000400                _Min_Stack_Size = 0x400

.isr_vector     0x08000000      0x198
                0x08000000                . = ALIGN (0x4)
 *(.isr_vector)
 .isr_vector    0x08000000      0x198 build/startup_stm32f411xe.o
                0x08000000                g_pfnVectors
                0x08000198                . = ALIGN (0x4)

.text           0x08000198     0x2190
                0x08000198                . = ALIGN (0x4)
 *(.text)
 .text          0x08000198       0x30 c:/dev/micro/tools/arm-gnu-toolchain-11.3.rel1-mingw-w64-i686-arm-none-eabi/bin/../lib/gcc/arm-none-eabi/11.3.1/thumb/v7e-m+fp/hard\libgcc.a(_aeabi_uldivmod.o)
                0x08000198                __aeabi_uldivmod
 .text          0x080001c8        0x4 c:/dev/micro/tools/arm-gnu-toolchain-11.3.rel1-mingw-w64-i686-arm-none-eabi/bin/../lib/gcc/arm-none-eabi/11.3.1/thumb/v7e-m+fp/hard\libgcc.a(_dvmd_tls.o)
                0x080001c8                __aeabi_idiv0
                0x080001c8                __aeabi_ldiv0
 *(.text*)
 .text.deregister_tm_clones
                0x080001cc       0x1c c:/dev/micro/tools/arm-gnu-toolchain-11.3.rel1-mingw-w64-i686-arm-none-eabi/bin/../lib/gcc/arm-none-eabi/11.3.1/thumb/v7e-m+fp/hard/crtbegin.o
 .text.register_tm_clones
                0x080001e8       0x24 c:/dev/micro/tools/arm-gnu-toolchain-11.3.rel1-mingw-w64-i686-arm-none-eabi/bin/../lib/gcc/arm-none-eabi/11.3.1/thumb/v7e-m+fp/hard/crtbegin.o
 .text.__do_global_dtors_aux
                0x0800020c       0x28 c:/dev/micro/tools/arm-gnu-toolchain-11.3.rel1-mingw-w64-i686-arm-none-eabi/bin/../lib/gcc/arm-none-eabi/11.3.1/thumb/v7e-m+fp/hard/crtbegin.o
 .text.frame_dummy
                0x08000234       0x24 c:/dev/micro/tools/arm-gnu-toolchain-11.3.rel1-mingw-w64-i686-arm-none-eabi/bin/../lib/gcc/arm-none-eabi/11.3.1/thumb/v7e-m+fp/hard/crtbegin.o
 .text.main     0x08000258      0x1a4 build/main.o
                0x08000258                main
 .text.SystemClock_Config
                0x080003fc       0xbc build/main.o
                0x080003fc                SystemClock_Config
 .text.MX_TIM2_Init
                0x080004b8       0xc4 build/main.o
 .text.MX_GPIO_Init
                0x0800057c       0x78 build/main.o
 .text.Error_Handler
                0x080005f4        0xa build/main.o
                0x080005f4                Error_Handler
 .text.button   0x080005fe       0x8e build/button.o
                0x080005fe                button
 .text.button_release
                0x0800068c       0x5c build/button.o
                0x0800068c                button_release
 .text.NMI_Handler
                0x080006e8        0x6 build/stm32f4xx_it.o
                0x080006e8                NMI_Handler
 .text.HardFault_Handler
                0x080006ee        0x6 build/stm32f4xx_it.o
                0x080006ee                HardFault_Handler
 .text.MemManage_Handler
                0x080006f4        0x6 build/stm32f4xx_it.o
                0x080006f4                MemManage_Handler
 .text.BusFault_Handler
                0x080006fa        0x6 build/stm32f4xx_it.o
                0x080006fa                BusFault_Handler
 .text.UsageFault_Handler
                0x08000700        0x6 build/stm32f4xx_it.o
                0x08000700                UsageFault_Handler
 .text.SVC_Handler
                0x08000706        0xe build/stm32f4xx_it.o
                0x08000706                SVC_Handler
 .text.DebugMon_Handler
                0x08000714        0xe build/stm32f4xx_it.o
                0x08000714                DebugMon_Handler
 .text.PendSV_Handler
                0x08000722        0xe build/stm32f4xx_it.o
                0x08000722                PendSV_Handler
 .text.SysTick_Handler
                0x08000730        0xc build/stm32f4xx_it.o
                0x08000730                SysTick_Handler
 .text.HAL_MspInit
                0x0800073c       0x50 build/stm32f4xx_hal_msp.o
                0x0800073c                HAL_MspInit
 .text.HAL_TIM_PWM_MspInit
                0x0800078c       0x40 build/stm32f4xx_hal_msp.o
                0x0800078c                HAL_TIM_PWM_MspInit
 .text.HAL_TIM_MspPostInit
                0x080007cc       0x70 build/stm32f4xx_hal_msp.o
                0x080007cc                HAL_TIM_MspPostInit
 .text.HAL_TIM_PWM_Init
                0x0800083c       0x9e build/stm32f4xx_hal_tim.o
                0x0800083c                HAL_TIM_PWM_Init
 *fill*         0x080008da        0x2 
 .text.HAL_TIM_PWM_Start
                0x080008dc      0x160 build/stm32f4xx_hal_tim.o
                0x080008dc                HAL_TIM_PWM_Start
 .text.HAL_TIM_PWM_ConfigChannel
                0x08000a3c      0x184 build/stm32f4xx_hal_tim.o
                0x08000a3c                HAL_TIM_PWM_ConfigChannel
 .text.TIM_Base_SetConfig
                0x08000bc0      0x100 build/stm32f4xx_hal_tim.o
                0x08000bc0                TIM_Base_SetConfig
 .text.TIM_OC1_SetConfig
                0x08000cc0       0xcc build/stm32f4xx_hal_tim.o
 .text.TIM_OC2_SetConfig
                0x08000d8c       0xd8 build/stm32f4xx_hal_tim.o
                0x08000d8c                TIM_OC2_SetConfig
 .text.TIM_OC3_SetConfig
                0x08000e64       0xd4 build/stm32f4xx_hal_tim.o
 .text.TIM_OC4_SetConfig
                0x08000f38       0xa0 build/stm32f4xx_hal_tim.o
 .text.TIM_CCxChannelCmd
                0x08000fd8       0x4a build/stm32f4xx_hal_tim.o
                0x08000fd8                TIM_CCxChannelCmd
 *fill*         0x08001022        0x2 
 .text.HAL_TIMEx_MasterConfigSynchronization
                0x08001024       0xdc build/stm32f4xx_hal_tim_ex.o
                0x08001024                HAL_TIMEx_MasterConfigSynchronization
 .text.HAL_RCC_OscConfig
                0x08001100      0x4f0 build/stm32f4xx_hal_rcc.o
                0x08001100                HAL_RCC_OscConfig
 .text.HAL_RCC_ClockConfig
                0x080015f0      0x1cc build/stm32f4xx_hal_rcc.o
                0x080015f0                HAL_RCC_ClockConfig
 .text.HAL_RCC_GetSysClockFreq
                0x080017bc      0x18c build/stm32f4xx_hal_rcc.o
                0x080017bc                HAL_RCC_GetSysClockFreq
 .text.HAL_GPIO_Init
                0x08001948      0x308 build/stm32f4xx_hal_gpio.o
                0x08001948                HAL_GPIO_Init
 .text.HAL_GPIO_ReadPin
                0x08001c50       0x30 build/stm32f4xx_hal_gpio.o
                0x08001c50                HAL_GPIO_ReadPin
 .text.__NVIC_SetPriorityGrouping
                0x08001c80       0x48 build/stm32f4xx_hal_cortex.o
 .text.__NVIC_GetPriorityGrouping
                0x08001cc8       0x1c build/stm32f4xx_hal_cortex.o
 .text.__NVIC_SetPriority
                0x08001ce4       0x54 build/stm32f4xx_hal_cortex.o
 .text.NVIC_EncodePriority
                0x08001d38       0x66 build/stm32f4xx_hal_cortex.o
 *fill*         0x08001d9e        0x2 
 .text.SysTick_Config
                0x08001da0       0x44 build/stm32f4xx_hal_cortex.o
 .text.HAL_NVIC_SetPriorityGrouping
                0x08001de4       0x16 build/stm32f4xx_hal_cortex.o
                0x08001de4                HAL_NVIC_SetPriorityGrouping
 .text.HAL_NVIC_SetPriority
                0x08001dfa       0x38 build/stm32f4xx_hal_cortex.o
                0x08001dfa                HAL_NVIC_SetPriority
 .text.HAL_SYSTICK_Config
                0x08001e32       0x18 build/stm32f4xx_hal_cortex.o
                0x08001e32                HAL_SYSTICK_Config
 *fill*         0x08001e4a        0x2 
 .text.HAL_Init
                0x08001e4c       0x44 build/stm32f4xx_hal.o
                0x08001e4c                HAL_Init
 .text.HAL_InitTick
                0x08001e90       0x60 build/stm32f4xx_hal.o
                0x08001e90                HAL_InitTick
 .text.HAL_IncTick
                0x08001ef0       0x28 build/stm32f4xx_hal.o
                0x08001ef0                HAL_IncTick
 .text.HAL_GetTick
                0x08001f18       0x18 build/stm32f4xx_hal.o
                0x08001f18                HAL_GetTick
 .text.HAL_Delay
                0x08001f30       0x48 build/stm32f4xx_hal.o
                0x08001f30                HAL_Delay
 .text.SystemInit
                0x08001f78       0x24 build/system_stm32f4xx.o
                0x08001f78                SystemInit
 .text.Reset_Handler
                0x08001f9c       0x50 build/startup_stm32f411xe.o
                0x08001f9c                Reset_Handler
 .text.Default_Handler
                0x08001fec        0x2 build/startup_stm32f411xe.o
                0x08001fec                RTC_Alarm_IRQHandler
                0x08001fec                EXTI2_IRQHandler
                0x08001fec                SPI4_IRQHandler
                0x08001fec                TIM1_CC_IRQHandler
                0x08001fec                DMA2_Stream5_IRQHandler
                0x08001fec                DMA1_Stream5_IRQHandler
                0x08001fec                PVD_IRQHandler
                0x08001fec                SDIO_IRQHandler
                0x08001fec                TAMP_STAMP_IRQHandler
                0x08001fec                EXTI3_IRQHandler
                0x08001fec                TIM1_UP_TIM10_IRQHandler
                0x08001fec                I2C3_ER_IRQHandler
                0x08001fec                EXTI0_IRQHandler
                0x08001fec                I2C2_EV_IRQHandler
                0x08001fec                DMA1_Stream2_IRQHandler
                0x08001fec                FPU_IRQHandler
                0x08001fec                DMA2_Stream2_IRQHandler
                0x08001fec                SPI1_IRQHandler
                0x08001fec                TIM1_BRK_TIM9_IRQHandler
                0x08001fec                DMA2_Stream3_IRQHandler
                0x08001fec                USART6_IRQHandler
                0x08001fec                DMA2_Stream0_IRQHandler
                0x08001fec                TIM4_IRQHandler
                0x08001fec                I2C1_EV_IRQHandler
                0x08001fec                DMA1_Stream6_IRQHandler
                0x08001fec                DMA1_Stream1_IRQHandler
                0x08001fec                TIM3_IRQHandler
                0x08001fec                RCC_IRQHandler
                0x08001fec                Default_Handler
                0x08001fec                EXTI15_10_IRQHandler
                0x08001fec                ADC_IRQHandler
                0x08001fec                DMA1_Stream7_IRQHandler
                0x08001fec                SPI5_IRQHandler
                0x08001fec                TIM5_IRQHandler
                0x08001fec                DMA2_Stream7_IRQHandler
                0x08001fec                I2C3_EV_IRQHandler
                0x08001fec                EXTI9_5_IRQHandler
                0x08001fec                RTC_WKUP_IRQHandler
                0x08001fec                SPI2_IRQHandler
                0x08001fec                DMA1_Stream0_IRQHandler
                0x08001fec                EXTI4_IRQHandler
                0x08001fec                WWDG_IRQHandler
                0x08001fec                TIM2_IRQHandler
                0x08001fec                OTG_FS_WKUP_IRQHandler
                0x08001fec                TIM1_TRG_COM_TIM11_IRQHandler
                0x08001fec                EXTI1_IRQHandler
                0x08001fec                USART2_IRQHandler
                0x08001fec                I2C2_ER_IRQHandler
                0x08001fec                DMA2_Stream1_IRQHandler
                0x08001fec                FLASH_IRQHandler
                0x08001fec                DMA2_Stream4_IRQHandler
                0x08001fec                USART1_IRQHandler
                0x08001fec                OTG_FS_IRQHandler
                0x08001fec                SPI3_IRQHandler
                0x08001fec                DMA1_Stream4_IRQHandler
                0x08001fec                I2C1_ER_IRQHandler
                0x08001fec                DMA2_Stream6_IRQHandler
                0x08001fec                DMA1_Stream3_IRQHandler
 .text.memset   0x08001fee       0x10 c:/dev/micro/tools/arm-gnu-toolchain-11.3.rel1-mingw-w64-i686-arm-none-eabi/bin/../lib/gcc/arm-none-eabi/11.3.1/thumb/v7e-m+fp/hard\libc_nano.a(libc_a-memset.o)
                0x08001fee                memset
 *fill*         0x08001ffe        0x2 
 .text.__libc_init_array
                0x08002000       0x48 c:/dev/micro/tools/arm-gnu-toolchain-11.3.rel1-mingw-w64-i686-arm-none-eabi/bin/../lib/gcc/arm-none-eabi/11.3.1/thumb/v7e-m+fp/hard\libc_nano.a(libc_a-init.o)
                0x08002000                __libc_init_array
 .text.__udivmoddi4
                0x08002048      0x2c8 c:/dev/micro/tools/arm-gnu-toolchain-11.3.rel1-mingw-w64-i686-arm-none-eabi/bin/../lib/gcc/arm-none-eabi/11.3.1/thumb/v7e-m+fp/hard\libgcc.a(_udivmoddi4.o)
                0x08002048                __udivmoddi4
 *(.glue_7)
 .glue_7        0x08002310        0x0 linker stubs
 *(.glue_7t)
 .glue_7t       0x08002310        0x0 linker stubs
 *(.eh_frame)
 .eh_frame      0x08002310        0x0 c:/dev/micro/tools/arm-gnu-toolchain-11.3.rel1-mingw-w64-i686-arm-none-eabi/bin/../lib/gcc/arm-none-eabi/11.3.1/thumb/v7e-m+fp/hard/crtbegin.o
 *(.init)
 .init          0x08002310        0x4 c:/dev/micro/tools/arm-gnu-toolchain-11.3.rel1-mingw-w64-i686-arm-none-eabi/bin/../lib/gcc/arm-none-eabi/11.3.1/thumb/v7e-m+fp/hard/crti.o
                0x08002310                _init
 .init          0x08002314        0x8 c:/dev/micro/tools/arm-gnu-toolchain-11.3.rel1-mingw-w64-i686-arm-none-eabi/bin/../lib/gcc/arm-none-eabi/11.3.1/thumb/v7e-m+fp/hard/crtn.o
 *(.fini)
 .fini          0x0800231c        0x4 c:/dev/micro/tools/arm-gnu-toolchain-11.3.rel1-mingw-w64-i686-arm-none-eabi/bin/../lib/gcc/arm-none-eabi/11.3.1/thumb/v7e-m+fp/hard/crti.o
                0x0800231c                _fini
 .fini          0x08002320        0x8 c:/dev/micro/tools/arm-gnu-toolchain-11.3.rel1-mingw-w64-i686-arm-none-eabi/bin/../lib/gcc/arm-none-eabi/11.3.1/thumb/v7e-m+fp/hard/crtn.o
                0x08002328                . = ALIGN (0x4)
                0x08002328                _etext = .

.vfp11_veneer   0x08002328        0x0
 .vfp11_veneer  0x08002328        0x0 linker stubs

.v4_bx          0x08002328        0x0
 .v4_bx         0x08002328        0x0 linker stubs

.iplt           0x08002328        0x0
 .iplt          0x08002328        0x0 c:/dev/micro/tools/arm-gnu-toolchain-11.3.rel1-mingw-w64-i686-arm-none-eabi/bin/../lib/gcc/arm-none-eabi/11.3.1/thumb/v7e-m+fp/hard/crtbegin.o

.rodata         0x08002328       0x10
                0x08002328                . = ALIGN (0x4)
 *(.rodata)
 *(.rodata*)
 .rodata.AHBPrescTable
                0x08002328       0x10 build/system_stm32f4xx.o
                0x08002328                AHBPrescTable
                0x08002338                . = ALIGN (0x4)

.ARM.extab
 *(.ARM.extab* .gnu.linkonce.armextab.*)

.ARM            0x08002338        0x8
                0x08002338                __exidx_start = .
 *(.ARM.exidx*)
 .ARM.exidx.text.__udivmoddi4
                0x08002338        0x8 c:/dev/micro/tools/arm-gnu-toolchain-11.3.rel1-mingw-w64-i686-arm-none-eabi/bin/../lib/gcc/arm-none-eabi/11.3.1/thumb/v7e-m+fp/hard\libgcc.a(_udivmoddi4.o)
                0x08002340                __exidx_end = .

.rel.dyn        0x08002340        0x0
 .rel.iplt      0x08002340        0x0 c:/dev/micro/tools/arm-gnu-toolchain-11.3.rel1-mingw-w64-i686-arm-none-eabi/bin/../lib/gcc/arm-none-eabi/11.3.1/thumb/v7e-m+fp/hard/crtbegin.o

.preinit_array  0x08002340        0x0
                0x08002340                PROVIDE (__preinit_array_start = .)
 *(.preinit_array*)
                0x08002340                PROVIDE (__preinit_array_end = .)

.init_array     0x08002340        0x4
                0x08002340                PROVIDE (__init_array_start = .)
 *(SORT_BY_NAME(.init_array.*))
 *(.init_array*)
 .init_array    0x08002340        0x4 c:/dev/micro/tools/arm-gnu-toolchain-11.3.rel1-mingw-w64-i686-arm-none-eabi/bin/../lib/gcc/arm-none-eabi/11.3.1/thumb/v7e-m+fp/hard/crtbegin.o
                0x08002344                PROVIDE (__init_array_end = .)

.fini_array     0x08002344        0x4
                [!provide]                PROVIDE (__fini_array_start = .)
 *(SORT_BY_NAME(.fini_array.*))
 *(.fini_array*)
 .fini_array    0x08002344        0x4 c:/dev/micro/tools/arm-gnu-toolchain-11.3.rel1-mingw-w64-i686-arm-none-eabi/bin/../lib/gcc/arm-none-eabi/11.3.1/thumb/v7e-m+fp/hard/crtbegin.o
                [!provide]                PROVIDE (__fini_array_end = .)
                0x08002348                _sidata = LOADADDR (.data)

.data           0x20000000       0x10 load address 0x08002348
                0x20000000                . = ALIGN (0x4)
                0x20000000                _sdata = .
 *(.data)
 *(.data*)
 .data.channel2_duty_cycle
                0x20000000        0x4 build/main.o
                0x20000000                channel2_duty_cycle
 .data.uwTickPrio
                0x20000004        0x4 build/stm32f4xx_hal.o
                0x20000004                uwTickPrio
 .data.uwTickFreq
                0x20000008        0x1 build/stm32f4xx_hal.o
                0x20000008                uwTickFreq
 *fill*         0x20000009        0x3 
 .data.SystemCoreClock
                0x2000000c        0x4 build/system_stm32f4xx.o
                0x2000000c                SystemCoreClock
                0x20000010                . = ALIGN (0x4)
                0x20000010                _edata = .

.tm_clone_table
                0x20000010        0x0 load address 0x08002358
 .tm_clone_table
                0x20000010        0x0 c:/dev/micro/tools/arm-gnu-toolchain-11.3.rel1-mingw-w64-i686-arm-none-eabi/bin/../lib/gcc/arm-none-eabi/11.3.1/thumb/v7e-m+fp/hard/crtbegin.o
 .tm_clone_table
                0x20000010        0x0 c:/dev/micro/tools/arm-gnu-toolchain-11.3.rel1-mingw-w64-i686-arm-none-eabi/bin/../lib/gcc/arm-none-eabi/11.3.1/thumb/v7e-m+fp/hard/crtend.o

.igot.plt       0x20000010        0x0 load address 0x08002358
 .igot.plt      0x20000010        0x0 c:/dev/micro/tools/arm-gnu-toolchain-11.3.rel1-mingw-w64-i686-arm-none-eabi/bin/../lib/gcc/arm-none-eabi/11.3.1/thumb/v7e-m+fp/hard/crtbegin.o
                0x20000010                . = ALIGN (0x4)

.bss            0x20000010       0x6c load address 0x08002358
                0x20000010                _sbss = .
                0x20000010                __bss_start__ = _sbss
 *(.bss)
 *(.bss*)
 .bss.completed.1
                0x20000010        0x1 c:/dev/micro/tools/arm-gnu-toolchain-11.3.rel1-mingw-w64-i686-arm-none-eabi/bin/../lib/gcc/arm-none-eabi/11.3.1/thumb/v7e-m+fp/hard/crtbegin.o
 *fill*         0x20000011        0x3 
 .bss.object.0  0x20000014       0x18 c:/dev/micro/tools/arm-gnu-toolchain-11.3.rel1-mingw-w64-i686-arm-none-eabi/bin/../lib/gcc/arm-none-eabi/11.3.1/thumb/v7e-m+fp/hard/crtbegin.o
 .bss.channel1_duty_cycle
                0x2000002c        0x4 build/main.o
                0x2000002c                channel1_duty_cycle
 .bss.htim2     0x20000030       0x48 build/main.o
                0x20000030                htim2
 .bss.uwTick    0x20000078        0x4 build/stm32f4xx_hal.o
                0x20000078                uwTick
 *(COMMON)
                0x2000007c                . = ALIGN (0x4)
                0x2000007c                _ebss = .
                0x2000007c                __bss_end__ = _ebss

._user_heap_stack
                0x2000007c      0x604 load address 0x08002358
                0x20000080                . = ALIGN (0x8)
 *fill*         0x2000007c        0x4 
                0x20000080                PROVIDE (end = .)
                [!provide]                PROVIDE (_end = .)
                0x20000280                . = (. + _Min_Heap_Size)
 *fill*         0x20000080      0x200 
                0x20000680                . = (. + _Min_Stack_Size)
 *fill*         0x20000280      0x400 
                0x20000680                . = ALIGN (0x8)

/DISCARD/
 libc.a(*)
 libm.a(*)
 libgcc.a(*)

.ARM.attributes
                0x00000000       0x30
 *(.ARM.attributes)
 .ARM.attributes
                0x00000000       0x1e c:/dev/micro/tools/arm-gnu-toolchain-11.3.rel1-mingw-w64-i686-arm-none-eabi/bin/../lib/gcc/arm-none-eabi/11.3.1/thumb/v7e-m+fp/hard/crti.o
 .ARM.attributes
                0x0000001e       0x34 c:/dev/micro/tools/arm-gnu-toolchain-11.3.rel1-mingw-w64-i686-arm-none-eabi/bin/../lib/gcc/arm-none-eabi/11.3.1/thumb/v7e-m+fp/hard/crtbegin.o
 .ARM.attributes
                0x00000052       0x34 build/main.o
 .ARM.attributes
                0x00000086       0x34 build/button.o
 .ARM.attributes
                0x000000ba       0x34 build/stm32f4xx_it.o
 .ARM.attributes
                0x000000ee       0x34 build/stm32f4xx_hal_msp.o
 .ARM.attributes
                0x00000122       0x34 build/stm32f4xx_hal_tim.o
 .ARM.attributes
                0x00000156       0x34 build/stm32f4xx_hal_tim_ex.o
 .ARM.attributes
                0x0000018a       0x34 build/stm32f4xx_hal_rcc.o
 .ARM.attributes
                0x000001be       0x34 build/stm32f4xx_hal_gpio.o
 .ARM.attributes
                0x000001f2       0x34 build/stm32f4xx_hal_cortex.o
 .ARM.attributes
                0x00000226       0x34 build/stm32f4xx_hal.o
 .ARM.attributes
                0x0000025a       0x34 build/system_stm32f4xx.o
 .ARM.attributes
                0x0000028e       0x21 build/startup_stm32f411xe.o
 .ARM.attributes
                0x000002af       0x34 c:/dev/micro/tools/arm-gnu-toolchain-11.3.rel1-mingw-w64-i686-arm-none-eabi/bin/../lib/gcc/arm-none-eabi/11.3.1/thumb/v7e-m+fp/hard\libc_nano.a(libc_a-memset.o)
 .ARM.attributes
                0x000002e3       0x34 c:/dev/micro/tools/arm-gnu-toolchain-11.3.rel1-mingw-w64-i686-arm-none-eabi/bin/../lib/gcc/arm-none-eabi/11.3.1/thumb/v7e-m+fp/hard\libc_nano.a(libc_a-init.o)
 .ARM.attributes
                0x00000317       0x1e c:/dev/micro/tools/arm-gnu-toolchain-11.3.rel1-mingw-w64-i686-arm-none-eabi/bin/../lib/gcc/arm-none-eabi/11.3.1/thumb/v7e-m+fp/hard\libgcc.a(_aeabi_uldivmod.o)
 .ARM.attributes
                0x00000335       0x34 c:/dev/micro/tools/arm-gnu-toolchain-11.3.rel1-mingw-w64-i686-arm-none-eabi/bin/../lib/gcc/arm-none-eabi/11.3.1/thumb/v7e-m+fp/hard\libgcc.a(_udivmoddi4.o)
 .ARM.attributes
                0x00000369       0x1e c:/dev/micro/tools/arm-gnu-toolchain-11.3.rel1-mingw-w64-i686-arm-none-eabi/bin/../lib/gcc/arm-none-eabi/11.3.1/thumb/v7e-m+fp/hard\libgcc.a(_dvmd_tls.o)
 .ARM.attributes
                0x00000387       0x34 c:/dev/micro/tools/arm-gnu-toolchain-11.3.rel1-mingw-w64-i686-arm-none-eabi/bin/../lib/gcc/arm-none-eabi/11.3.1/thumb/v7e-m+fp/hard/crtend.o
 .ARM.attributes
                0x000003bb       0x1e c:/dev/micro/tools/arm-gnu-toolchain-11.3.rel1-mingw-w64-i686-arm-none-eabi/bin/../lib/gcc/arm-none-eabi/11.3.1/thumb/v7e-m+fp/hard/crtn.o
OUTPUT(build/helloblackpillSTM32F411CEUx.elf elf32-littlearm)
LOAD linker stubs
LOAD c:/dev/micro/tools/arm-gnu-toolchain-11.3.rel1-mingw-w64-i686-arm-none-eabi/bin/../lib/gcc/arm-none-eabi/11.3.1/thumb/v7e-m+fp/hard\libc.a
LOAD c:/dev/micro/tools/arm-gnu-toolchain-11.3.rel1-mingw-w64-i686-arm-none-eabi/bin/../lib/gcc/arm-none-eabi/11.3.1/thumb/v7e-m+fp/hard\libm.a
LOAD c:/dev/micro/tools/arm-gnu-toolchain-11.3.rel1-mingw-w64-i686-arm-none-eabi/bin/../lib/gcc/arm-none-eabi/11.3.1/thumb/v7e-m+fp/hard\libgcc.a

.comment        0x00000000       0x33
 .comment       0x00000000       0x33 c:/dev/micro/tools/arm-gnu-toolchain-11.3.rel1-mingw-w64-i686-arm-none-eabi/bin/../lib/gcc/arm-none-eabi/11.3.1/thumb/v7e-m+fp/hard/crtbegin.o
                                 0x34 (size before relaxing)
 .comment       0x00000033       0x34 build/main.o
 .comment       0x00000033       0x34 build/button.o
 .comment       0x00000033       0x34 build/stm32f4xx_it.o
 .comment       0x00000033       0x34 build/stm32f4xx_hal_msp.o
 .comment       0x00000033       0x34 build/stm32f4xx_hal_tim.o
 .comment       0x00000033       0x34 build/stm32f4xx_hal_tim_ex.o
 .comment       0x00000033       0x34 build/stm32f4xx_hal_rcc.o
 .comment       0x00000033       0x34 build/stm32f4xx_hal_gpio.o
 .comment       0x00000033       0x34 build/stm32f4xx_hal_cortex.o
 .comment       0x00000033       0x34 build/stm32f4xx_hal.o
 .comment       0x00000033       0x34 build/system_stm32f4xx.o
 .comment       0x00000033       0x34 c:/dev/micro/tools/arm-gnu-toolchain-11.3.rel1-mingw-w64-i686-arm-none-eabi/bin/../lib/gcc/arm-none-eabi/11.3.1/thumb/v7e-m+fp/hard\libc_nano.a(libc_a-memset.o)
 .comment       0x00000033       0x34 c:/dev/micro/tools/arm-gnu-toolchain-11.3.rel1-mingw-w64-i686-arm-none-eabi/bin/../lib/gcc/arm-none-eabi/11.3.1/thumb/v7e-m+fp/hard\libc_nano.a(libc_a-init.o)
 .comment       0x00000033       0x34 c:/dev/micro/tools/arm-gnu-toolchain-11.3.rel1-mingw-w64-i686-arm-none-eabi/bin/../lib/gcc/arm-none-eabi/11.3.1/thumb/v7e-m+fp/hard\libgcc.a(_udivmoddi4.o)
 .comment       0x00000033       0x34 c:/dev/micro/tools/arm-gnu-toolchain-11.3.rel1-mingw-w64-i686-arm-none-eabi/bin/../lib/gcc/arm-none-eabi/11.3.1/thumb/v7e-m+fp/hard/crtend.o

.debug_info     0x00000000     0xa0a2
 .debug_info    0x00000000     0x103e build/main.o
 .debug_info    0x0000103e      0x2c0 build/button.o
 .debug_info    0x000012fe      0x151 build/stm32f4xx_it.o
 .debug_info    0x0000144f      0xb9b build/stm32f4xx_hal_msp.o
 .debug_info    0x00001fea     0x2eeb build/stm32f4xx_hal_tim.o
 .debug_info    0x00004ed5     0x177e build/stm32f4xx_hal_tim_ex.o
 .debug_info    0x00006653      0xa7a build/stm32f4xx_hal_rcc.o
 .debug_info    0x000070cd      0x82c build/stm32f4xx_hal_gpio.o
 .debug_info    0x000078f9      0xe9c build/stm32f4xx_hal_cortex.o
 .debug_info    0x00008795      0xa07 build/stm32f4xx_hal.o
 .debug_info    0x0000919c      0x5ce build/system_stm32f4xx.o
 .debug_info    0x0000976a       0x22 build/startup_stm32f411xe.o
 .debug_info    0x0000978c       0xe0 c:/dev/micro/tools/arm-gnu-toolchain-11.3.rel1-mingw-w64-i686-arm-none-eabi/bin/../lib/gcc/arm-none-eabi/11.3.1/thumb/v7e-m+fp/hard\libc_nano.a(libc_a-memset.o)
 .debug_info    0x0000986c      0x10b c:/dev/micro/tools/arm-gnu-toolchain-11.3.rel1-mingw-w64-i686-arm-none-eabi/bin/../lib/gcc/arm-none-eabi/11.3.1/thumb/v7e-m+fp/hard\libc_nano.a(libc_a-init.o)
 .debug_info    0x00009977       0x24 c:/dev/micro/tools/arm-gnu-toolchain-11.3.rel1-mingw-w64-i686-arm-none-eabi/bin/../lib/gcc/arm-none-eabi/11.3.1/thumb/v7e-m+fp/hard\libgcc.a(_aeabi_uldivmod.o)
 .debug_info    0x0000999b      0x6e3 c:/dev/micro/tools/arm-gnu-toolchain-11.3.rel1-mingw-w64-i686-arm-none-eabi/bin/../lib/gcc/arm-none-eabi/11.3.1/thumb/v7e-m+fp/hard\libgcc.a(_udivmoddi4.o)
 .debug_info    0x0000a07e       0x24 c:/dev/micro/tools/arm-gnu-toolchain-11.3.rel1-mingw-w64-i686-arm-none-eabi/bin/../lib/gcc/arm-none-eabi/11.3.1/thumb/v7e-m+fp/hard\libgcc.a(_dvmd_tls.o)

.debug_abbrev   0x00000000     0x1892
 .debug_abbrev  0x00000000      0x266 build/main.o
 .debug_abbrev  0x00000266      0x159 build/button.o
 .debug_abbrev  0x000003bf       0x73 build/stm32f4xx_it.o
 .debug_abbrev  0x00000432      0x1c2 build/stm32f4xx_hal_msp.o
 .debug_abbrev  0x000005f4      0x26d build/stm32f4xx_hal_tim.o
 .debug_abbrev  0x00000861      0x275 build/stm32f4xx_hal_tim_ex.o
 .debug_abbrev  0x00000ad6      0x2a9 build/stm32f4xx_hal_rcc.o
 .debug_abbrev  0x00000d7f      0x1c3 build/stm32f4xx_hal_gpio.o
 .debug_abbrev  0x00000f42      0x2f3 build/stm32f4xx_hal_cortex.o
 .debug_abbrev  0x00001235      0x23d build/stm32f4xx_hal.o
 .debug_abbrev  0x00001472      0x115 build/system_stm32f4xx.o
 .debug_abbrev  0x00001587       0x12 build/startup_stm32f411xe.o
 .debug_abbrev  0x00001599       0x9e c:/dev/micro/tools/arm-gnu-toolchain-11.3.rel1-mingw-w64-i686-arm-none-eabi/bin/../lib/gcc/arm-none-eabi/11.3.1/thumb/v7e-m+fp/hard\libc_nano.a(libc_a-memset.o)
 .debug_abbrev  0x00001637       0xc9 c:/dev/micro/tools/arm-gnu-toolchain-11.3.rel1-mingw-w64-i686-arm-none-eabi/bin/../lib/gcc/arm-none-eabi/11.3.1/thumb/v7e-m+fp/hard\libc_nano.a(libc_a-init.o)
 .debug_abbrev  0x00001700       0x14 c:/dev/micro/tools/arm-gnu-toolchain-11.3.rel1-mingw-w64-i686-arm-none-eabi/bin/../lib/gcc/arm-none-eabi/11.3.1/thumb/v7e-m+fp/hard\libgcc.a(_aeabi_uldivmod.o)
 .debug_abbrev  0x00001714      0x16a c:/dev/micro/tools/arm-gnu-toolchain-11.3.rel1-mingw-w64-i686-arm-none-eabi/bin/../lib/gcc/arm-none-eabi/11.3.1/thumb/v7e-m+fp/hard\libgcc.a(_udivmoddi4.o)
 .debug_abbrev  0x0000187e       0x14 c:/dev/micro/tools/arm-gnu-toolchain-11.3.rel1-mingw-w64-i686-arm-none-eabi/bin/../lib/gcc/arm-none-eabi/11.3.1/thumb/v7e-m+fp/hard\libgcc.a(_dvmd_tls.o)

.debug_loc      0x00000000     0x52f0
 .debug_loc     0x00000000      0x156 build/main.o
 .debug_loc     0x00000156       0xa0 build/button.o
 .debug_loc     0x000001f6      0x1d4 build/stm32f4xx_it.o
 .debug_loc     0x000003ca      0x164 build/stm32f4xx_hal_msp.o
 .debug_loc     0x0000052e     0x27a0 build/stm32f4xx_hal_tim.o
 .debug_loc     0x00002cce      0xdc8 build/stm32f4xx_hal_tim_ex.o
 .debug_loc     0x00003a96      0x3d2 build/stm32f4xx_hal_rcc.o
 .debug_loc     0x00003e68      0x2d4 build/stm32f4xx_hal_gpio.o
 .debug_loc     0x0000413c      0x9f4 build/stm32f4xx_hal_cortex.o
 .debug_loc     0x00004b30      0x720 build/stm32f4xx_hal.o
 .debug_loc     0x00005250       0xa0 build/system_stm32f4xx.o

.debug_aranges  0x00000000      0xa10
 .debug_aranges
                0x00000000       0x40 build/main.o
 .debug_aranges
                0x00000040       0x28 build/button.o
 .debug_aranges
                0x00000068       0x60 build/stm32f4xx_it.o
 .debug_aranges
                0x000000c8       0x38 build/stm32f4xx_hal_msp.o
 .debug_aranges
                0x00000100      0x3d0 build/stm32f4xx_hal_tim.o
 .debug_aranges
                0x000004d0      0x168 build/stm32f4xx_hal_tim_ex.o
 .debug_aranges
                0x00000638       0x88 build/stm32f4xx_hal_rcc.o
 .debug_aranges
                0x000006c0       0x58 build/stm32f4xx_hal_gpio.o
 .debug_aranges
                0x00000718      0x118 build/stm32f4xx_hal_cortex.o
 .debug_aranges
                0x00000830       0xf0 build/stm32f4xx_hal.o
 .debug_aranges
                0x00000920       0x28 build/system_stm32f4xx.o
 .debug_aranges
                0x00000948       0x28 build/startup_stm32f411xe.o
 .debug_aranges
                0x00000970       0x20 c:/dev/micro/tools/arm-gnu-toolchain-11.3.rel1-mingw-w64-i686-arm-none-eabi/bin/../lib/gcc/arm-none-eabi/11.3.1/thumb/v7e-m+fp/hard\libc_nano.a(libc_a-memset.o)
 .debug_aranges
                0x00000990       0x20 c:/dev/micro/tools/arm-gnu-toolchain-11.3.rel1-mingw-w64-i686-arm-none-eabi/bin/../lib/gcc/arm-none-eabi/11.3.1/thumb/v7e-m+fp/hard\libc_nano.a(libc_a-init.o)
 .debug_aranges
                0x000009b0       0x20 c:/dev/micro/tools/arm-gnu-toolchain-11.3.rel1-mingw-w64-i686-arm-none-eabi/bin/../lib/gcc/arm-none-eabi/11.3.1/thumb/v7e-m+fp/hard\libgcc.a(_aeabi_uldivmod.o)
 .debug_aranges
                0x000009d0       0x20 c:/dev/micro/tools/arm-gnu-toolchain-11.3.rel1-mingw-w64-i686-arm-none-eabi/bin/../lib/gcc/arm-none-eabi/11.3.1/thumb/v7e-m+fp/hard\libgcc.a(_udivmoddi4.o)
 .debug_aranges
                0x000009f0       0x20 c:/dev/micro/tools/arm-gnu-toolchain-11.3.rel1-mingw-w64-i686-arm-none-eabi/bin/../lib/gcc/arm-none-eabi/11.3.1/thumb/v7e-m+fp/hard\libgcc.a(_dvmd_tls.o)

.debug_ranges   0x00000000      0x8b8
 .debug_ranges  0x00000000       0x30 build/main.o
 .debug_ranges  0x00000030       0x18 build/button.o
 .debug_ranges  0x00000048       0x50 build/stm32f4xx_it.o
 .debug_ranges  0x00000098       0x28 build/stm32f4xx_hal_msp.o
 .debug_ranges  0x000000c0      0x3c0 build/stm32f4xx_hal_tim.o
 .debug_ranges  0x00000480      0x158 build/stm32f4xx_hal_tim_ex.o
 .debug_ranges  0x000005d8       0x78 build/stm32f4xx_hal_rcc.o
 .debug_ranges  0x00000650       0x48 build/stm32f4xx_hal_gpio.o
 .debug_ranges  0x00000698      0x108 build/stm32f4xx_hal_cortex.o
 .debug_ranges  0x000007a0       0xe0 build/stm32f4xx_hal.o
 .debug_ranges  0x00000880       0x18 build/system_stm32f4xx.o
 .debug_ranges  0x00000898       0x20 build/startup_stm32f411xe.o

.debug_line     0x00000000     0x75d1
 .debug_line    0x00000000      0x3e8 build/main.o
 .debug_line    0x000003e8      0x254 build/button.o
 .debug_line    0x0000063c      0x136 build/stm32f4xx_it.o
 .debug_line    0x00000772      0x261 build/stm32f4xx_hal_msp.o
 .debug_line    0x000009d3     0x2fc8 build/stm32f4xx_hal_tim.o
 .debug_line    0x0000399b     0x149a build/stm32f4xx_hal_tim_ex.o
 .debug_line    0x00004e35      0x8a3 build/stm32f4xx_hal_rcc.o
 .debug_line    0x000056d8      0x60a build/stm32f4xx_hal_gpio.o
 .debug_line    0x00005ce2      0x79f build/stm32f4xx_hal_cortex.o
 .debug_line    0x00006481      0x521 build/stm32f4xx_hal.o
 .debug_line    0x000069a2      0x247 build/system_stm32f4xx.o
 .debug_line    0x00006be9       0x76 build/startup_stm32f411xe.o
 .debug_line    0x00006c5f      0x176 c:/dev/micro/tools/arm-gnu-toolchain-11.3.rel1-mingw-w64-i686-arm-none-eabi/bin/../lib/gcc/arm-none-eabi/11.3.1/thumb/v7e-m+fp/hard\libc_nano.a(libc_a-memset.o)
 .debug_line    0x00006dd5      0x17f c:/dev/micro/tools/arm-gnu-toolchain-11.3.rel1-mingw-w64-i686-arm-none-eabi/bin/../lib/gcc/arm-none-eabi/11.3.1/thumb/v7e-m+fp/hard\libc_nano.a(libc_a-init.o)
 .debug_line    0x00006f54       0x4e c:/dev/micro/tools/arm-gnu-toolchain-11.3.rel1-mingw-w64-i686-arm-none-eabi/bin/../lib/gcc/arm-none-eabi/11.3.1/thumb/v7e-m+fp/hard\libgcc.a(_aeabi_uldivmod.o)
 .debug_line    0x00006fa2      0x5e5 c:/dev/micro/tools/arm-gnu-toolchain-11.3.rel1-mingw-w64-i686-arm-none-eabi/bin/../lib/gcc/arm-none-eabi/11.3.1/thumb/v7e-m+fp/hard\libgcc.a(_udivmoddi4.o)
 .debug_line    0x00007587       0x4a c:/dev/micro/tools/arm-gnu-toolchain-11.3.rel1-mingw-w64-i686-arm-none-eabi/bin/../lib/gcc/arm-none-eabi/11.3.1/thumb/v7e-m+fp/hard\libgcc.a(_dvmd_tls.o)

.debug_str      0x00000000     0x37d5
 .debug_str     0x00000000      0xad7 build/main.o
                                0xba1 (size before relaxing)
 .debug_str     0x00000ad7       0x82 build/button.o
                                0x24e (size before relaxing)
 .debug_str     0x00000b59       0xb4 build/stm32f4xx_it.o
                                0x1f3 (size before relaxing)
 .debug_str     0x00000c0d       0x61 build/stm32f4xx_hal_msp.o
                                0x89a (size before relaxing)
 .debug_str     0x00000c6e      0xead build/stm32f4xx_hal_tim.o
                               0x16b3 (size before relaxing)
 .debug_str     0x00001b1b      0x4eb build/stm32f4xx_hal_tim_ex.o
                                0xecf (size before relaxing)
 .debug_str     0x00002006      0x212 build/stm32f4xx_hal_rcc.o
                                0x6cb (size before relaxing)
 .debug_str     0x00002218      0x128 build/stm32f4xx_hal_gpio.o
                                0x4b6 (size before relaxing)
 .debug_str     0x00002340      0x8ac build/stm32f4xx_hal_cortex.o
                                0xa98 (size before relaxing)
 .debug_str     0x00002bec      0x295 build/stm32f4xx_hal.o
                                0x9e2 (size before relaxing)
 .debug_str     0x00002e81       0x47 build/system_stm32f4xx.o
                                0x34b (size before relaxing)
 .debug_str     0x00002ec8       0x22 build/startup_stm32f411xe.o
                                 0x36 (size before relaxing)
 .debug_str     0x00002eea      0x177 c:/dev/micro/tools/arm-gnu-toolchain-11.3.rel1-mingw-w64-i686-arm-none-eabi/bin/../lib/gcc/arm-none-eabi/11.3.1/thumb/v7e-m+fp/hard\libc_nano.a(libc_a-memset.o)
                                0x20c (size before relaxing)
 .debug_str     0x00003061       0xc3 c:/dev/micro/tools/arm-gnu-toolchain-11.3.rel1-mingw-w64-i686-arm-none-eabi/bin/../lib/gcc/arm-none-eabi/11.3.1/thumb/v7e-m+fp/hard\libc_nano.a(libc_a-init.o)
                                0x26d (size before relaxing)
 .debug_str     0x00003124       0xc9 c:/dev/micro/tools/arm-gnu-toolchain-11.3.rel1-mingw-w64-i686-arm-none-eabi/bin/../lib/gcc/arm-none-eabi/11.3.1/thumb/v7e-m+fp/hard\libgcc.a(_aeabi_uldivmod.o)
                                 0xd5 (size before relaxing)
 .debug_str     0x000031ed      0x595 c:/dev/micro/tools/arm-gnu-toolchain-11.3.rel1-mingw-w64-i686-arm-none-eabi/bin/../lib/gcc/arm-none-eabi/11.3.1/thumb/v7e-m+fp/hard\libgcc.a(_udivmoddi4.o)
                                0x6a4 (size before relaxing)
 .debug_str     0x00003782       0x53 c:/dev/micro/tools/arm-gnu-toolchain-11.3.rel1-mingw-w64-i686-arm-none-eabi/bin/../lib/gcc/arm-none-eabi/11.3.1/thumb/v7e-m+fp/hard\libgcc.a(_dvmd_tls.o)
                                 0xd9 (size before relaxing)

.debug_frame    0x00000000     0x2700
 .debug_frame   0x00000000       0xb4 build/main.o
 .debug_frame   0x000000b4       0x58 build/button.o
 .debug_frame   0x0000010c      0x104 build/stm32f4xx_it.o
 .debug_frame   0x00000210       0xac build/stm32f4xx_hal_msp.o
 .debug_frame   0x000002bc     0x11bc build/stm32f4xx_hal_tim.o
 .debug_frame   0x00001478      0x638 build/stm32f4xx_hal_tim_ex.o
 .debug_frame   0x00001ab0      0x1f4 build/stm32f4xx_hal_rcc.o
 .debug_frame   0x00001ca4      0x14c build/stm32f4xx_hal_gpio.o
 .debug_frame   0x00001df0      0x498 build/stm32f4xx_hal_cortex.o
 .debug_frame   0x00002288      0x374 build/stm32f4xx_hal.o
 .debug_frame   0x000025fc       0x58 build/system_stm32f4xx.o
 .debug_frame   0x00002654       0x20 c:/dev/micro/tools/arm-gnu-toolchain-11.3.rel1-mingw-w64-i686-arm-none-eabi/bin/../lib/gcc/arm-none-eabi/11.3.1/thumb/v7e-m+fp/hard\libc_nano.a(libc_a-memset.o)
 .debug_frame   0x00002674       0x2c c:/dev/micro/tools/arm-gnu-toolchain-11.3.rel1-mingw-w64-i686-arm-none-eabi/bin/../lib/gcc/arm-none-eabi/11.3.1/thumb/v7e-m+fp/hard\libc_nano.a(libc_a-init.o)
 .debug_frame   0x000026a0       0x2c c:/dev/micro/tools/arm-gnu-toolchain-11.3.rel1-mingw-w64-i686-arm-none-eabi/bin/../lib/gcc/arm-none-eabi/11.3.1/thumb/v7e-m+fp/hard\libgcc.a(_aeabi_uldivmod.o)
 .debug_frame   0x000026cc       0x34 c:/dev/micro/tools/arm-gnu-toolchain-11.3.rel1-mingw-w64-i686-arm-none-eabi/bin/../lib/gcc/arm-none-eabi/11.3.1/thumb/v7e-m+fp/hard\libgcc.a(_udivmoddi4.o)

.debug_loclists
                0x00000000      0xb9a
 .debug_loclists
                0x00000000       0x47 c:/dev/micro/tools/arm-gnu-toolchain-11.3.rel1-mingw-w64-i686-arm-none-eabi/bin/../lib/gcc/arm-none-eabi/11.3.1/thumb/v7e-m+fp/hard\libc_nano.a(libc_a-memset.o)
 .debug_loclists
                0x00000047       0x44 c:/dev/micro/tools/arm-gnu-toolchain-11.3.rel1-mingw-w64-i686-arm-none-eabi/bin/../lib/gcc/arm-none-eabi/11.3.1/thumb/v7e-m+fp/hard\libc_nano.a(libc_a-init.o)
 .debug_loclists
                0x0000008b      0xb0f c:/dev/micro/tools/arm-gnu-toolchain-11.3.rel1-mingw-w64-i686-arm-none-eabi/bin/../lib/gcc/arm-none-eabi/11.3.1/thumb/v7e-m+fp/hard\libgcc.a(_udivmoddi4.o)

.debug_rnglists
                0x00000000       0xb8
 .debug_rnglists
                0x00000000       0x13 c:/dev/micro/tools/arm-gnu-toolchain-11.3.rel1-mingw-w64-i686-arm-none-eabi/bin/../lib/gcc/arm-none-eabi/11.3.1/thumb/v7e-m+fp/hard\libc_nano.a(libc_a-memset.o)
 .debug_rnglists
                0x00000013       0x13 c:/dev/micro/tools/arm-gnu-toolchain-11.3.rel1-mingw-w64-i686-arm-none-eabi/bin/../lib/gcc/arm-none-eabi/11.3.1/thumb/v7e-m+fp/hard\libc_nano.a(libc_a-init.o)
 .debug_rnglists
                0x00000026       0x92 c:/dev/micro/tools/arm-gnu-toolchain-11.3.rel1-mingw-w64-i686-arm-none-eabi/bin/../lib/gcc/arm-none-eabi/11.3.1/thumb/v7e-m+fp/hard\libgcc.a(_udivmoddi4.o)

.debug_line_str
                0x00000000       0xd5
 .debug_line_str
                0x00000000       0xc9 c:/dev/micro/tools/arm-gnu-toolchain-11.3.rel1-mingw-w64-i686-arm-none-eabi/bin/../lib/gcc/arm-none-eabi/11.3.1/thumb/v7e-m+fp/hard\libgcc.a(_aeabi_uldivmod.o)
                                 0xd1 (size before relaxing)
 .debug_line_str
                0x000000c9        0xc c:/dev/micro/tools/arm-gnu-toolchain-11.3.rel1-mingw-w64-i686-arm-none-eabi/bin/../lib/gcc/arm-none-eabi/11.3.1/thumb/v7e-m+fp/hard\libgcc.a(_dvmd_tls.o)
                                 0xd9 (size before relaxing)

Cross Reference Table

Symbol                                            File
ADC_IRQHandler                                    build/startup_stm32f411xe.o
AHBPrescTable                                     build/system_stm32f4xx.o
                                                  build/stm32f4xx_hal_rcc.o
APBPrescTable                                     build/system_stm32f4xx.o
                                                  build/stm32f4xx_hal_rcc.o
BusFault_Handler                                  build/stm32f4xx_it.o
DMA1_Stream0_IRQHandler                           build/startup_stm32f411xe.o
DMA1_Stream1_IRQHandler                           build/startup_stm32f411xe.o
DMA1_Stream2_IRQHandler                           build/startup_stm32f411xe.o
DMA1_Stream3_IRQHandler                           build/startup_stm32f411xe.o
DMA1_Stream4_IRQHandler                           build/startup_stm32f411xe.o
DMA1_Stream5_IRQHandler                           build/startup_stm32f411xe.o
DMA1_Stream6_IRQHandler                           build/startup_stm32f411xe.o
DMA1_Stream7_IRQHandler                           build/startup_stm32f411xe.o
DMA2_Stream0_IRQHandler                           build/startup_stm32f411xe.o
DMA2_Stream1_IRQHandler                           build/startup_stm32f411xe.o
DMA2_Stream2_IRQHandler                           build/startup_stm32f411xe.o
DMA2_Stream3_IRQHandler                           build/startup_stm32f411xe.o
DMA2_Stream4_IRQHandler                           build/startup_stm32f411xe.o
DMA2_Stream5_IRQHandler                           build/startup_stm32f411xe.o
DMA2_Stream6_IRQHandler                           build/startup_stm32f411xe.o
DMA2_Stream7_IRQHandler                           build/startup_stm32f411xe.o
DebugMon_Handler                                  build/stm32f4xx_it.o
Default_Handler                                   build/startup_stm32f411xe.o
EXTI0_IRQHandler                                  build/startup_stm32f411xe.o
EXTI15_10_IRQHandler                              build/startup_stm32f411xe.o
EXTI1_IRQHandler                                  build/startup_stm32f411xe.o
EXTI2_IRQHandler                                  build/startup_stm32f411xe.o
EXTI3_IRQHandler                                  build/startup_stm32f411xe.o
EXTI4_IRQHandler                                  build/startup_stm32f411xe.o
EXTI9_5_IRQHandler                                build/startup_stm32f411xe.o
Error_Handler                                     build/main.o
FLASH_Erase_Sector                                build/stm32f4xx_hal_flash_ex.o
                                                  build/stm32f4xx_hal_flash.o
FLASH_FlushCaches                                 build/stm32f4xx_hal_flash_ex.o
                                                  build/stm32f4xx_hal_flash.o
FLASH_IRQHandler                                  build/startup_stm32f411xe.o
FLASH_WaitForLastOperation                        build/stm32f4xx_hal_flash.o
                                                  build/stm32f4xx_hal_flash_ex.o
FPU_IRQHandler                                    build/startup_stm32f411xe.o
HAL_DBGMCU_DisableDBGSleepMode                    build/stm32f4xx_hal.o
HAL_DBGMCU_DisableDBGStandbyMode                  build/stm32f4xx_hal.o
HAL_DBGMCU_DisableDBGStopMode                     build/stm32f4xx_hal.o
HAL_DBGMCU_EnableDBGSleepMode                     build/stm32f4xx_hal.o
HAL_DBGMCU_EnableDBGStandbyMode                   build/stm32f4xx_hal.o
HAL_DBGMCU_EnableDBGStopMode                      build/stm32f4xx_hal.o
HAL_DMAEx_ChangeMemory                            build/stm32f4xx_hal_dma_ex.o
HAL_DMAEx_MultiBufferStart                        build/stm32f4xx_hal_dma_ex.o
HAL_DMAEx_MultiBufferStart_IT                     build/stm32f4xx_hal_dma_ex.o
HAL_DMA_Abort                                     build/stm32f4xx_hal_dma.o
HAL_DMA_Abort_IT                                  build/stm32f4xx_hal_dma.o
                                                  build/stm32f4xx_hal_tim_ex.o
                                                  build/stm32f4xx_hal_tim.o
HAL_DMA_DeInit                                    build/stm32f4xx_hal_dma.o
HAL_DMA_GetError                                  build/stm32f4xx_hal_dma.o
HAL_DMA_GetState                                  build/stm32f4xx_hal_dma.o
HAL_DMA_IRQHandler                                build/stm32f4xx_hal_dma.o
HAL_DMA_Init                                      build/stm32f4xx_hal_dma.o
HAL_DMA_PollForTransfer                           build/stm32f4xx_hal_dma.o
HAL_DMA_RegisterCallback                          build/stm32f4xx_hal_dma.o
HAL_DMA_Start                                     build/stm32f4xx_hal_dma.o
HAL_DMA_Start_IT                                  build/stm32f4xx_hal_dma.o
                                                  build/stm32f4xx_hal_tim_ex.o
                                                  build/stm32f4xx_hal_tim.o
HAL_DMA_UnRegisterCallback                        build/stm32f4xx_hal_dma.o
HAL_DeInit                                        build/stm32f4xx_hal.o
HAL_Delay                                         build/stm32f4xx_hal.o
                                                  build/button.o
                                                  build/main.o
HAL_DisableCompensationCell                       build/stm32f4xx_hal.o
HAL_EXTI_ClearConfigLine                          build/stm32f4xx_hal_exti.o
HAL_EXTI_ClearPending                             build/stm32f4xx_hal_exti.o
HAL_EXTI_GenerateSWI                              build/stm32f4xx_hal_exti.o
HAL_EXTI_GetConfigLine                            build/stm32f4xx_hal_exti.o
HAL_EXTI_GetHandle                                build/stm32f4xx_hal_exti.o
HAL_EXTI_GetPending                               build/stm32f4xx_hal_exti.o
HAL_EXTI_IRQHandler                               build/stm32f4xx_hal_exti.o
HAL_EXTI_RegisterCallback                         build/stm32f4xx_hal_exti.o
HAL_EXTI_SetConfigLine                            build/stm32f4xx_hal_exti.o
HAL_EnableCompensationCell                        build/stm32f4xx_hal.o
HAL_FLASHEx_AdvOBGetConfig                        build/stm32f4xx_hal_flash_ex.o
HAL_FLASHEx_AdvOBProgram                          build/stm32f4xx_hal_flash_ex.o
HAL_FLASHEx_DisableFlashSleepMode                 build/stm32f4xx_hal_flash_ramfunc.o
HAL_FLASHEx_EnableFlashSleepMode                  build/stm32f4xx_hal_flash_ramfunc.o
HAL_FLASHEx_Erase                                 build/stm32f4xx_hal_flash_ex.o
HAL_FLASHEx_Erase_IT                              build/stm32f4xx_hal_flash_ex.o
HAL_FLASHEx_OBGetConfig                           build/stm32f4xx_hal_flash_ex.o
HAL_FLASHEx_OBProgram                             build/stm32f4xx_hal_flash_ex.o
HAL_FLASHEx_OB_DeSelectPCROP                      build/stm32f4xx_hal_flash_ex.o
HAL_FLASHEx_OB_SelectPCROP                        build/stm32f4xx_hal_flash_ex.o
HAL_FLASHEx_StartFlashInterfaceClk                build/stm32f4xx_hal_flash_ramfunc.o
HAL_FLASHEx_StopFlashInterfaceClk                 build/stm32f4xx_hal_flash_ramfunc.o
HAL_FLASH_EndOfOperationCallback                  build/stm32f4xx_hal_flash.o
HAL_FLASH_GetError                                build/stm32f4xx_hal_flash.o
HAL_FLASH_IRQHandler                              build/stm32f4xx_hal_flash.o
HAL_FLASH_Lock                                    build/stm32f4xx_hal_flash.o
HAL_FLASH_OB_Launch                               build/stm32f4xx_hal_flash.o
HAL_FLASH_OB_Lock                                 build/stm32f4xx_hal_flash.o
HAL_FLASH_OB_Unlock                               build/stm32f4xx_hal_flash.o
HAL_FLASH_OperationErrorCallback                  build/stm32f4xx_hal_flash.o
HAL_FLASH_Program                                 build/stm32f4xx_hal_flash.o
HAL_FLASH_Program_IT                              build/stm32f4xx_hal_flash.o
HAL_FLASH_Unlock                                  build/stm32f4xx_hal_flash.o
HAL_GPIO_DeInit                                   build/stm32f4xx_hal_gpio.o
HAL_GPIO_EXTI_Callback                            build/stm32f4xx_hal_gpio.o
HAL_GPIO_EXTI_IRQHandler                          build/stm32f4xx_hal_gpio.o
HAL_GPIO_Init                                     build/stm32f4xx_hal_gpio.o
                                                  build/stm32f4xx_hal_rcc.o
                                                  build/stm32f4xx_hal_msp.o
                                                  build/main.o
HAL_GPIO_LockPin                                  build/stm32f4xx_hal_gpio.o
HAL_GPIO_ReadPin                                  build/stm32f4xx_hal_gpio.o
                                                  build/button.o
HAL_GPIO_TogglePin                                build/stm32f4xx_hal_gpio.o
HAL_GPIO_WritePin                                 build/stm32f4xx_hal_gpio.o
HAL_GetDEVID                                      build/stm32f4xx_hal.o
HAL_GetHalVersion                                 build/stm32f4xx_hal.o
HAL_GetREVID                                      build/stm32f4xx_hal.o
HAL_GetTick                                       build/stm32f4xx_hal.o
                                                  build/stm32f4xx_hal_pwr_ex.o
                                                  build/stm32f4xx_hal_dma.o
                                                  build/stm32f4xx_hal_flash.o
                                                  build/stm32f4xx_hal_rcc_ex.o
                                                  build/stm32f4xx_hal_rcc.o
                                                  build/main.o
HAL_GetTickFreq                                   build/stm32f4xx_hal.o
HAL_GetTickPrio                                   build/stm32f4xx_hal.o
HAL_GetUIDw0                                      build/stm32f4xx_hal.o
HAL_GetUIDw1                                      build/stm32f4xx_hal.o
HAL_GetUIDw2                                      build/stm32f4xx_hal.o
HAL_IncTick                                       build/stm32f4xx_hal.o
                                                  build/stm32f4xx_it.o
HAL_Init                                          build/stm32f4xx_hal.o
                                                  build/main.o
HAL_InitTick                                      build/stm32f4xx_hal.o
                                                  build/stm32f4xx_hal_rcc_ex.o
                                                  build/stm32f4xx_hal_rcc.o
HAL_MPU_ConfigRegion                              build/stm32f4xx_hal_cortex.o
HAL_MPU_Disable                                   build/stm32f4xx_hal_cortex.o
HAL_MPU_Enable                                    build/stm32f4xx_hal_cortex.o
HAL_MspDeInit                                     build/stm32f4xx_hal.o
HAL_MspInit                                       build/stm32f4xx_hal_msp.o
HAL_NVIC_ClearPendingIRQ                          build/stm32f4xx_hal_cortex.o
HAL_NVIC_DisableIRQ                               build/stm32f4xx_hal_cortex.o
HAL_NVIC_EnableIRQ                                build/stm32f4xx_hal_cortex.o
HAL_NVIC_GetActive                                build/stm32f4xx_hal_cortex.o
HAL_NVIC_GetPendingIRQ                            build/stm32f4xx_hal_cortex.o
HAL_NVIC_GetPriority                              build/stm32f4xx_hal_cortex.o
HAL_NVIC_GetPriorityGrouping                      build/stm32f4xx_hal_cortex.o
HAL_NVIC_SetPendingIRQ                            build/stm32f4xx_hal_cortex.o
HAL_NVIC_SetPriority                              build/stm32f4xx_hal_cortex.o
                                                  build/stm32f4xx_hal.o
HAL_NVIC_SetPriorityGrouping                      build/stm32f4xx_hal_cortex.o
                                                  build/stm32f4xx_hal.o
HAL_NVIC_SystemReset                              build/stm32f4xx_hal_cortex.o
HAL_PWREx_ControlVoltageScaling                   build/stm32f4xx_hal_pwr_ex.o
HAL_PWREx_DisableBkUpReg                          build/stm32f4xx_hal_pwr_ex.o
HAL_PWREx_DisableFlashPowerDown                   build/stm32f4xx_hal_pwr_ex.o
HAL_PWREx_DisableLowRegulatorLowVoltage           build/stm32f4xx_hal_pwr_ex.o
HAL_PWREx_DisableMainRegulatorLowVoltage          build/stm32f4xx_hal_pwr_ex.o
HAL_PWREx_EnableBkUpReg                           build/stm32f4xx_hal_pwr_ex.o
HAL_PWREx_EnableFlashPowerDown                    build/stm32f4xx_hal_pwr_ex.o
HAL_PWREx_EnableLowRegulatorLowVoltage            build/stm32f4xx_hal_pwr_ex.o
HAL_PWREx_EnableMainRegulatorLowVoltage           build/stm32f4xx_hal_pwr_ex.o
HAL_PWREx_GetVoltageRange                         build/stm32f4xx_hal_pwr_ex.o
HAL_PWR_ConfigPVD                                 build/stm32f4xx_hal_pwr.o
HAL_PWR_DeInit                                    build/stm32f4xx_hal_pwr.o
HAL_PWR_DisableBkUpAccess                         build/stm32f4xx_hal_pwr.o
HAL_PWR_DisablePVD                                build/stm32f4xx_hal_pwr.o
HAL_PWR_DisableSEVOnPend                          build/stm32f4xx_hal_pwr.o
HAL_PWR_DisableSleepOnExit                        build/stm32f4xx_hal_pwr.o
HAL_PWR_DisableWakeUpPin                          build/stm32f4xx_hal_pwr.o
HAL_PWR_EnableBkUpAccess                          build/stm32f4xx_hal_pwr.o
HAL_PWR_EnablePVD                                 build/stm32f4xx_hal_pwr.o
HAL_PWR_EnableSEVOnPend                           build/stm32f4xx_hal_pwr.o
HAL_PWR_EnableSleepOnExit                         build/stm32f4xx_hal_pwr.o
HAL_PWR_EnableWakeUpPin                           build/stm32f4xx_hal_pwr.o
HAL_PWR_EnterSLEEPMode                            build/stm32f4xx_hal_pwr.o
HAL_PWR_EnterSTANDBYMode                          build/stm32f4xx_hal_pwr.o
HAL_PWR_EnterSTOPMode                             build/stm32f4xx_hal_pwr.o
HAL_PWR_PVDCallback                               build/stm32f4xx_hal_pwr.o
HAL_PWR_PVD_IRQHandler                            build/stm32f4xx_hal_pwr.o
HAL_RCCEx_DisablePLLI2S                           build/stm32f4xx_hal_rcc_ex.o
HAL_RCCEx_EnablePLLI2S                            build/stm32f4xx_hal_rcc_ex.o
HAL_RCCEx_GetPeriphCLKConfig                      build/stm32f4xx_hal_rcc_ex.o
HAL_RCCEx_GetPeriphCLKFreq                        build/stm32f4xx_hal_rcc_ex.o
HAL_RCCEx_PeriphCLKConfig                         build/stm32f4xx_hal_rcc_ex.o
HAL_RCCEx_SelectLSEMode                           build/stm32f4xx_hal_rcc_ex.o
HAL_RCC_CSSCallback                               build/stm32f4xx_hal_rcc.o
HAL_RCC_ClockConfig                               build/stm32f4xx_hal_rcc.o
                                                  build/main.o
HAL_RCC_DeInit                                    build/stm32f4xx_hal_rcc_ex.o
                                                  build/stm32f4xx_hal_rcc.o
HAL_RCC_DisableCSS                                build/stm32f4xx_hal_rcc.o
HAL_RCC_EnableCSS                                 build/stm32f4xx_hal_rcc.o
HAL_RCC_GetClockConfig                            build/stm32f4xx_hal_rcc.o
HAL_RCC_GetHCLKFreq                               build/stm32f4xx_hal_rcc.o
HAL_RCC_GetOscConfig                              build/stm32f4xx_hal_rcc.o
HAL_RCC_GetPCLK1Freq                              build/stm32f4xx_hal_rcc.o
HAL_RCC_GetPCLK2Freq                              build/stm32f4xx_hal_rcc.o
HAL_RCC_GetSysClockFreq                           build/stm32f4xx_hal_rcc.o
HAL_RCC_MCOConfig                                 build/stm32f4xx_hal_rcc.o
HAL_RCC_NMI_IRQHandler                            build/stm32f4xx_hal_rcc.o
HAL_RCC_OscConfig                                 build/stm32f4xx_hal_rcc.o
                                                  build/main.o
HAL_ResumeTick                                    build/stm32f4xx_hal.o
HAL_SYSTICK_CLKSourceConfig                       build/stm32f4xx_hal_cortex.o
HAL_SYSTICK_Callback                              build/stm32f4xx_hal_cortex.o
HAL_SYSTICK_Config                                build/stm32f4xx_hal_cortex.o
                                                  build/stm32f4xx_hal.o
HAL_SYSTICK_IRQHandler                            build/stm32f4xx_hal_cortex.o
HAL_SetTickFreq                                   build/stm32f4xx_hal.o
HAL_SuspendTick                                   build/stm32f4xx_hal.o
HAL_TIMEx_BreakCallback                           build/stm32f4xx_hal_tim_ex.o
                                                  build/stm32f4xx_hal_tim.o
HAL_TIMEx_CommutCallback                          build/stm32f4xx_hal_tim_ex.o
                                                  build/stm32f4xx_hal_tim.o
HAL_TIMEx_CommutHalfCpltCallback                  build/stm32f4xx_hal_tim_ex.o
HAL_TIMEx_ConfigBreakDeadTime                     build/stm32f4xx_hal_tim_ex.o
HAL_TIMEx_ConfigCommutEvent                       build/stm32f4xx_hal_tim_ex.o
HAL_TIMEx_ConfigCommutEvent_DMA                   build/stm32f4xx_hal_tim_ex.o
HAL_TIMEx_ConfigCommutEvent_IT                    build/stm32f4xx_hal_tim_ex.o
HAL_TIMEx_GetChannelNState                        build/stm32f4xx_hal_tim_ex.o
HAL_TIMEx_HallSensor_DeInit                       build/stm32f4xx_hal_tim_ex.o
HAL_TIMEx_HallSensor_GetState                     build/stm32f4xx_hal_tim_ex.o
HAL_TIMEx_HallSensor_Init                         build/stm32f4xx_hal_tim_ex.o
HAL_TIMEx_HallSensor_MspDeInit                    build/stm32f4xx_hal_tim_ex.o
HAL_TIMEx_HallSensor_MspInit                      build/stm32f4xx_hal_tim_ex.o
HAL_TIMEx_HallSensor_Start                        build/stm32f4xx_hal_tim_ex.o
HAL_TIMEx_HallSensor_Start_DMA                    build/stm32f4xx_hal_tim_ex.o
HAL_TIMEx_HallSensor_Start_IT                     build/stm32f4xx_hal_tim_ex.o
HAL_TIMEx_HallSensor_Stop                         build/stm32f4xx_hal_tim_ex.o
HAL_TIMEx_HallSensor_Stop_DMA                     build/stm32f4xx_hal_tim_ex.o
HAL_TIMEx_HallSensor_Stop_IT                      build/stm32f4xx_hal_tim_ex.o
HAL_TIMEx_MasterConfigSynchronization             build/stm32f4xx_hal_tim_ex.o
                                                  build/main.o
HAL_TIMEx_OCN_Start                               build/stm32f4xx_hal_tim_ex.o
HAL_TIMEx_OCN_Start_DMA                           build/stm32f4xx_hal_tim_ex.o
HAL_TIMEx_OCN_Start_IT                            build/stm32f4xx_hal_tim_ex.o
HAL_TIMEx_OCN_Stop                                build/stm32f4xx_hal_tim_ex.o
HAL_TIMEx_OCN_Stop_DMA                            build/stm32f4xx_hal_tim_ex.o
HAL_TIMEx_OCN_Stop_IT                             build/stm32f4xx_hal_tim_ex.o
HAL_TIMEx_OnePulseN_Start                         build/stm32f4xx_hal_tim_ex.o
HAL_TIMEx_OnePulseN_Start_IT                      build/stm32f4xx_hal_tim_ex.o
HAL_TIMEx_OnePulseN_Stop                          build/stm32f4xx_hal_tim_ex.o
HAL_TIMEx_OnePulseN_Stop_IT                       build/stm32f4xx_hal_tim_ex.o
HAL_TIMEx_PWMN_Start                              build/stm32f4xx_hal_tim_ex.o
HAL_TIMEx_PWMN_Start_DMA                          build/stm32f4xx_hal_tim_ex.o
HAL_TIMEx_PWMN_Start_IT                           build/stm32f4xx_hal_tim_ex.o
HAL_TIMEx_PWMN_Stop                               build/stm32f4xx_hal_tim_ex.o
HAL_TIMEx_PWMN_Stop_DMA                           build/stm32f4xx_hal_tim_ex.o
HAL_TIMEx_PWMN_Stop_IT                            build/stm32f4xx_hal_tim_ex.o
HAL_TIMEx_RemapConfig                             build/stm32f4xx_hal_tim_ex.o
HAL_TIM_Base_DeInit                               build/stm32f4xx_hal_tim.o
HAL_TIM_Base_GetState                             build/stm32f4xx_hal_tim.o
HAL_TIM_Base_Init                                 build/stm32f4xx_hal_tim.o
HAL_TIM_Base_MspDeInit                            build/stm32f4xx_hal_tim.o
HAL_TIM_Base_MspInit                              build/stm32f4xx_hal_tim.o
HAL_TIM_Base_Start                                build/stm32f4xx_hal_tim.o
HAL_TIM_Base_Start_DMA                            build/stm32f4xx_hal_tim.o
HAL_TIM_Base_Start_IT                             build/stm32f4xx_hal_tim.o
HAL_TIM_Base_Stop                                 build/stm32f4xx_hal_tim.o
HAL_TIM_Base_Stop_DMA                             build/stm32f4xx_hal_tim.o
HAL_TIM_Base_Stop_IT                              build/stm32f4xx_hal_tim.o
HAL_TIM_ConfigClockSource                         build/stm32f4xx_hal_tim.o
HAL_TIM_ConfigOCrefClear                          build/stm32f4xx_hal_tim.o
HAL_TIM_ConfigTI1Input                            build/stm32f4xx_hal_tim.o
HAL_TIM_DMABurstState                             build/stm32f4xx_hal_tim.o
HAL_TIM_DMABurst_MultiReadStart                   build/stm32f4xx_hal_tim.o
HAL_TIM_DMABurst_MultiWriteStart                  build/stm32f4xx_hal_tim.o
HAL_TIM_DMABurst_ReadStart                        build/stm32f4xx_hal_tim.o
HAL_TIM_DMABurst_ReadStop                         build/stm32f4xx_hal_tim.o
HAL_TIM_DMABurst_WriteStart                       build/stm32f4xx_hal_tim.o
HAL_TIM_DMABurst_WriteStop                        build/stm32f4xx_hal_tim.o
HAL_TIM_Encoder_DeInit                            build/stm32f4xx_hal_tim.o
HAL_TIM_Encoder_GetState                          build/stm32f4xx_hal_tim.o
HAL_TIM_Encoder_Init                              build/stm32f4xx_hal_tim.o
HAL_TIM_Encoder_MspDeInit                         build/stm32f4xx_hal_tim.o
HAL_TIM_Encoder_MspInit                           build/stm32f4xx_hal_tim.o
HAL_TIM_Encoder_Start                             build/stm32f4xx_hal_tim.o
HAL_TIM_Encoder_Start_DMA                         build/stm32f4xx_hal_tim.o
HAL_TIM_Encoder_Start_IT                          build/stm32f4xx_hal_tim.o
HAL_TIM_Encoder_Stop                              build/stm32f4xx_hal_tim.o
HAL_TIM_Encoder_Stop_DMA                          build/stm32f4xx_hal_tim.o
HAL_TIM_Encoder_Stop_IT                           build/stm32f4xx_hal_tim.o
HAL_TIM_ErrorCallback                             build/stm32f4xx_hal_tim.o
                                                  build/stm32f4xx_hal_tim_ex.o
HAL_TIM_GenerateEvent                             build/stm32f4xx_hal_tim.o
HAL_TIM_GetActiveChannel                          build/stm32f4xx_hal_tim.o
HAL_TIM_GetChannelState                           build/stm32f4xx_hal_tim.o
HAL_TIM_IC_CaptureCallback                        build/stm32f4xx_hal_tim.o
HAL_TIM_IC_CaptureHalfCpltCallback                build/stm32f4xx_hal_tim.o
HAL_TIM_IC_ConfigChannel                          build/stm32f4xx_hal_tim.o
HAL_TIM_IC_DeInit                                 build/stm32f4xx_hal_tim.o
HAL_TIM_IC_GetState                               build/stm32f4xx_hal_tim.o
HAL_TIM_IC_Init                                   build/stm32f4xx_hal_tim.o
HAL_TIM_IC_MspDeInit                              build/stm32f4xx_hal_tim.o
HAL_TIM_IC_MspInit                                build/stm32f4xx_hal_tim.o
HAL_TIM_IC_Start                                  build/stm32f4xx_hal_tim.o
HAL_TIM_IC_Start_DMA                              build/stm32f4xx_hal_tim.o
HAL_TIM_IC_Start_IT                               build/stm32f4xx_hal_tim.o
HAL_TIM_IC_Stop                                   build/stm32f4xx_hal_tim.o
HAL_TIM_IC_Stop_DMA                               build/stm32f4xx_hal_tim.o
HAL_TIM_IC_Stop_IT                                build/stm32f4xx_hal_tim.o
HAL_TIM_IRQHandler                                build/stm32f4xx_hal_tim.o
HAL_TIM_MspPostInit                               build/stm32f4xx_hal_msp.o
                                                  build/main.o
HAL_TIM_OC_ConfigChannel                          build/stm32f4xx_hal_tim.o
HAL_TIM_OC_DeInit                                 build/stm32f4xx_hal_tim.o
HAL_TIM_OC_DelayElapsedCallback                   build/stm32f4xx_hal_tim.o
HAL_TIM_OC_GetState                               build/stm32f4xx_hal_tim.o
HAL_TIM_OC_Init                                   build/stm32f4xx_hal_tim.o
HAL_TIM_OC_MspDeInit                              build/stm32f4xx_hal_tim.o
HAL_TIM_OC_MspInit                                build/stm32f4xx_hal_tim.o
HAL_TIM_OC_Start                                  build/stm32f4xx_hal_tim.o
HAL_TIM_OC_Start_DMA                              build/stm32f4xx_hal_tim.o
HAL_TIM_OC_Start_IT                               build/stm32f4xx_hal_tim.o
HAL_TIM_OC_Stop                                   build/stm32f4xx_hal_tim.o
HAL_TIM_OC_Stop_DMA                               build/stm32f4xx_hal_tim.o
HAL_TIM_OC_Stop_IT                                build/stm32f4xx_hal_tim.o
HAL_TIM_OnePulse_ConfigChannel                    build/stm32f4xx_hal_tim.o
HAL_TIM_OnePulse_DeInit                           build/stm32f4xx_hal_tim.o
HAL_TIM_OnePulse_GetState                         build/stm32f4xx_hal_tim.o
HAL_TIM_OnePulse_Init                             build/stm32f4xx_hal_tim.o
HAL_TIM_OnePulse_MspDeInit                        build/stm32f4xx_hal_tim.o
HAL_TIM_OnePulse_MspInit                          build/stm32f4xx_hal_tim.o
HAL_TIM_OnePulse_Start                            build/stm32f4xx_hal_tim.o
HAL_TIM_OnePulse_Start_IT                         build/stm32f4xx_hal_tim.o
HAL_TIM_OnePulse_Stop                             build/stm32f4xx_hal_tim.o
HAL_TIM_OnePulse_Stop_IT                          build/stm32f4xx_hal_tim.o
HAL_TIM_PWM_ConfigChannel                         build/stm32f4xx_hal_tim.o
                                                  build/main.o
HAL_TIM_PWM_DeInit                                build/stm32f4xx_hal_tim.o
HAL_TIM_PWM_GetState                              build/stm32f4xx_hal_tim.o
HAL_TIM_PWM_Init                                  build/stm32f4xx_hal_tim.o
                                                  build/main.o
HAL_TIM_PWM_MspDeInit                             build/stm32f4xx_hal_msp.o
HAL_TIM_PWM_MspInit                               build/stm32f4xx_hal_msp.o
HAL_TIM_PWM_PulseFinishedCallback                 build/stm32f4xx_hal_tim.o
                                                  build/stm32f4xx_hal_tim_ex.o
HAL_TIM_PWM_PulseFinishedHalfCpltCallback         build/stm32f4xx_hal_tim.o
HAL_TIM_PWM_Start                                 build/stm32f4xx_hal_tim.o
                                                  build/main.o
HAL_TIM_PWM_Start_DMA                             build/stm32f4xx_hal_tim.o
HAL_TIM_PWM_Start_IT                              build/stm32f4xx_hal_tim.o
HAL_TIM_PWM_Stop                                  build/stm32f4xx_hal_tim.o
HAL_TIM_PWM_Stop_DMA                              build/stm32f4xx_hal_tim.o
HAL_TIM_PWM_Stop_IT                               build/stm32f4xx_hal_tim.o
HAL_TIM_PeriodElapsedCallback                     build/stm32f4xx_hal_tim.o
HAL_TIM_PeriodElapsedHalfCpltCallback             build/stm32f4xx_hal_tim.o
HAL_TIM_ReadCapturedValue                         build/stm32f4xx_hal_tim.o
HAL_TIM_SlaveConfigSynchro                        build/stm32f4xx_hal_tim.o
HAL_TIM_SlaveConfigSynchro_IT                     build/stm32f4xx_hal_tim.o
HAL_TIM_TriggerCallback                           build/stm32f4xx_hal_tim.o
HAL_TIM_TriggerHalfCpltCallback                   build/stm32f4xx_hal_tim.o
HardFault_Handler                                 build/stm32f4xx_it.o
I2C1_ER_IRQHandler                                build/startup_stm32f411xe.o
I2C1_EV_IRQHandler                                build/startup_stm32f411xe.o
I2C2_ER_IRQHandler                                build/startup_stm32f411xe.o
I2C2_EV_IRQHandler                                build/startup_stm32f411xe.o
I2C3_ER_IRQHandler                                build/startup_stm32f411xe.o
I2C3_EV_IRQHandler                                build/startup_stm32f411xe.o
MemManage_Handler                                 build/stm32f4xx_it.o
NMI_Handler                                       build/stm32f4xx_it.o
OTG_FS_IRQHandler                                 build/startup_stm32f411xe.o
OTG_FS_WKUP_IRQHandler                            build/startup_stm32f411xe.o
PVD_IRQHandler                                    build/startup_stm32f411xe.o
PendSV_Handler                                    build/stm32f4xx_it.o
RCC_IRQHandler                                    build/startup_stm32f411xe.o
RTC_Alarm_IRQHandler                              build/startup_stm32f411xe.o
RTC_WKUP_IRQHandler                               build/startup_stm32f411xe.o
Reset_Handler                                     build/startup_stm32f411xe.o
SDIO_IRQHandler                                   build/startup_stm32f411xe.o
SPI1_IRQHandler                                   build/startup_stm32f411xe.o
SPI2_IRQHandler                                   build/startup_stm32f411xe.o
SPI3_IRQHandler                                   build/startup_stm32f411xe.o
SPI4_IRQHandler                                   build/startup_stm32f411xe.o
SPI5_IRQHandler                                   build/startup_stm32f411xe.o
SVC_Handler                                       build/stm32f4xx_it.o
SysTick_Handler                                   build/stm32f4xx_it.o
SystemClock_Config                                build/main.o
SystemCoreClock                                   build/system_stm32f4xx.o
                                                  build/stm32f4xx_hal.o
                                                  build/stm32f4xx_hal_dma.o
                                                  build/stm32f4xx_hal_rcc_ex.o
                                                  build/stm32f4xx_hal_rcc.o
SystemCoreClockUpdate                             build/system_stm32f4xx.o
SystemInit                                        build/system_stm32f4xx.o
                                                  build/startup_stm32f411xe.o
TAMP_STAMP_IRQHandler                             build/startup_stm32f411xe.o
TIM1_BRK_TIM9_IRQHandler                          build/startup_stm32f411xe.o
TIM1_CC_IRQHandler                                build/startup_stm32f411xe.o
TIM1_TRG_COM_TIM11_IRQHandler                     build/startup_stm32f411xe.o
TIM1_UP_TIM10_IRQHandler                          build/startup_stm32f411xe.o
TIM2_IRQHandler                                   build/startup_stm32f411xe.o
TIM3_IRQHandler                                   build/startup_stm32f411xe.o
TIM4_IRQHandler                                   build/startup_stm32f411xe.o
TIM5_IRQHandler                                   build/startup_stm32f411xe.o
TIMEx_DMACommutationCplt                          build/stm32f4xx_hal_tim_ex.o
                                                  build/stm32f4xx_hal_tim.o
TIMEx_DMACommutationHalfCplt                      build/stm32f4xx_hal_tim_ex.o
                                                  build/stm32f4xx_hal_tim.o
TIM_Base_SetConfig                                build/stm32f4xx_hal_tim.o
                                                  build/stm32f4xx_hal_tim_ex.o
TIM_CCxChannelCmd                                 build/stm32f4xx_hal_tim.o
                                                  build/stm32f4xx_hal_tim_ex.o
TIM_DMACaptureCplt                                build/stm32f4xx_hal_tim.o
                                                  build/stm32f4xx_hal_tim_ex.o
TIM_DMACaptureHalfCplt                            build/stm32f4xx_hal_tim.o
                                                  build/stm32f4xx_hal_tim_ex.o
TIM_DMADelayPulseHalfCplt                         build/stm32f4xx_hal_tim.o
                                                  build/stm32f4xx_hal_tim_ex.o
TIM_DMAError                                      build/stm32f4xx_hal_tim.o
                                                  build/stm32f4xx_hal_tim_ex.o
TIM_ETR_SetConfig                                 build/stm32f4xx_hal_tim.o
TIM_OC2_SetConfig                                 build/stm32f4xx_hal_tim.o
                                                  build/stm32f4xx_hal_tim_ex.o
TIM_TI1_SetConfig                                 build/stm32f4xx_hal_tim.o
                                                  build/stm32f4xx_hal_tim_ex.o
USART1_IRQHandler                                 build/startup_stm32f411xe.o
USART2_IRQHandler                                 build/startup_stm32f411xe.o
USART6_IRQHandler                                 build/startup_stm32f411xe.o
UsageFault_Handler                                build/stm32f4xx_it.o
WWDG_IRQHandler                                   build/startup_stm32f411xe.o
_ITM_deregisterTMCloneTable                       c:/dev/micro/tools/arm-gnu-toolchain-11.3.rel1-mingw-w64-i686-arm-none-eabi/bin/../lib/gcc/arm-none-eabi/11.3.1/thumb/v7e-m+fp/hard/crtbegin.o
_ITM_registerTMCloneTable                         c:/dev/micro/tools/arm-gnu-toolchain-11.3.rel1-mingw-w64-i686-arm-none-eabi/bin/../lib/gcc/arm-none-eabi/11.3.1/thumb/v7e-m+fp/hard/crtbegin.o
__TMC_END__                                       c:/dev/micro/tools/arm-gnu-toolchain-11.3.rel1-mingw-w64-i686-arm-none-eabi/bin/../lib/gcc/arm-none-eabi/11.3.1/thumb/v7e-m+fp/hard/crtend.o
                                                  c:/dev/micro/tools/arm-gnu-toolchain-11.3.rel1-mingw-w64-i686-arm-none-eabi/bin/../lib/gcc/arm-none-eabi/11.3.1/thumb/v7e-m+fp/hard/crtbegin.o
__aeabi_idiv0                                     c:/dev/micro/tools/arm-gnu-toolchain-11.3.rel1-mingw-w64-i686-arm-none-eabi/bin/../lib/gcc/arm-none-eabi/11.3.1/thumb/v7e-m+fp/hard\libgcc.a(_dvmd_tls.o)
__aeabi_ldiv0                                     c:/dev/micro/tools/arm-gnu-toolchain-11.3.rel1-mingw-w64-i686-arm-none-eabi/bin/../lib/gcc/arm-none-eabi/11.3.1/thumb/v7e-m+fp/hard\libgcc.a(_dvmd_tls.o)
                                                  c:/dev/micro/tools/arm-gnu-toolchain-11.3.rel1-mingw-w64-i686-arm-none-eabi/bin/../lib/gcc/arm-none-eabi/11.3.1/thumb/v7e-m+fp/hard\libgcc.a(_aeabi_uldivmod.o)
__aeabi_uldivmod                                  c:/dev/micro/tools/arm-gnu-toolchain-11.3.rel1-mingw-w64-i686-arm-none-eabi/bin/../lib/gcc/arm-none-eabi/11.3.1/thumb/v7e-m+fp/hard\libgcc.a(_aeabi_uldivmod.o)
                                                  build/stm32f4xx_hal_rcc.o
__bss_end__                                       c:/dev/micro/tools/arm-gnu-toolchain-11.3.rel1-mingw-w64-i686-arm-none-eabi/bin/../lib/gcc/arm-none-eabi/11.3.1/thumb/v7e-m+fp/hard/crt0.o
__bss_start__                                     c:/dev/micro/tools/arm-gnu-toolchain-11.3.rel1-mingw-w64-i686-arm-none-eabi/bin/../lib/gcc/arm-none-eabi/11.3.1/thumb/v7e-m+fp/hard/crt0.o
__call_exitprocs                                  c:/dev/micro/tools/arm-gnu-toolchain-11.3.rel1-mingw-w64-i686-arm-none-eabi/bin/../lib/gcc/arm-none-eabi/11.3.1/thumb/v7e-m+fp/hard\libc_nano.a(libc_a-exit.o)
__deregister_frame_info                           c:/dev/micro/tools/arm-gnu-toolchain-11.3.rel1-mingw-w64-i686-arm-none-eabi/bin/../lib/gcc/arm-none-eabi/11.3.1/thumb/v7e-m+fp/hard/crtbegin.o
__dso_handle                                      c:/dev/micro/tools/arm-gnu-toolchain-11.3.rel1-mingw-w64-i686-arm-none-eabi/bin/../lib/gcc/arm-none-eabi/11.3.1/thumb/v7e-m+fp/hard/crtbegin.o
__fp_lock_all                                     c:/dev/micro/tools/arm-gnu-toolchain-11.3.rel1-mingw-w64-i686-arm-none-eabi/bin/../lib/gcc/arm-none-eabi/11.3.1/thumb/v7e-m+fp/hard\libc_nano.a(libc_a-findfp.o)
__fp_unlock_all                                   c:/dev/micro/tools/arm-gnu-toolchain-11.3.rel1-mingw-w64-i686-arm-none-eabi/bin/../lib/gcc/arm-none-eabi/11.3.1/thumb/v7e-m+fp/hard\libc_nano.a(libc_a-findfp.o)
__init_array_end                                  c:/dev/micro/tools/arm-gnu-toolchain-11.3.rel1-mingw-w64-i686-arm-none-eabi/bin/../lib/gcc/arm-none-eabi/11.3.1/thumb/v7e-m+fp/hard\libc_nano.a(libc_a-init.o)
__init_array_start                                c:/dev/micro/tools/arm-gnu-toolchain-11.3.rel1-mingw-w64-i686-arm-none-eabi/bin/../lib/gcc/arm-none-eabi/11.3.1/thumb/v7e-m+fp/hard\libc_nano.a(libc_a-init.o)
__libc_fini_array                                 c:/dev/micro/tools/arm-gnu-toolchain-11.3.rel1-mingw-w64-i686-arm-none-eabi/bin/../lib/gcc/arm-none-eabi/11.3.1/thumb/v7e-m+fp/hard/crt0.o
__libc_init_array                                 c:/dev/micro/tools/arm-gnu-toolchain-11.3.rel1-mingw-w64-i686-arm-none-eabi/bin/../lib/gcc/arm-none-eabi/11.3.1/thumb/v7e-m+fp/hard\libc_nano.a(libc_a-init.o)
                                                  build/startup_stm32f411xe.o
                                                  c:/dev/micro/tools/arm-gnu-toolchain-11.3.rel1-mingw-w64-i686-arm-none-eabi/bin/../lib/gcc/arm-none-eabi/11.3.1/thumb/v7e-m+fp/hard/crt0.o
__lock___arc4random_mutex                         c:/dev/micro/tools/arm-gnu-toolchain-11.3.rel1-mingw-w64-i686-arm-none-eabi/bin/../lib/gcc/arm-none-eabi/11.3.1/thumb/v7e-m+fp/hard\libc_nano.a(libc_a-lock.o)
__lock___at_quick_exit_mutex                      c:/dev/micro/tools/arm-gnu-toolchain-11.3.rel1-mingw-w64-i686-arm-none-eabi/bin/../lib/gcc/arm-none-eabi/11.3.1/thumb/v7e-m+fp/hard\libc_nano.a(libc_a-lock.o)
__lock___atexit_recursive_mutex                   c:/dev/micro/tools/arm-gnu-toolchain-11.3.rel1-mingw-w64-i686-arm-none-eabi/bin/../lib/gcc/arm-none-eabi/11.3.1/thumb/v7e-m+fp/hard\libc_nano.a(libc_a-lock.o)
__lock___dd_hash_mutex                            c:/dev/micro/tools/arm-gnu-toolchain-11.3.rel1-mingw-w64-i686-arm-none-eabi/bin/../lib/gcc/arm-none-eabi/11.3.1/thumb/v7e-m+fp/hard\libc_nano.a(libc_a-lock.o)
__lock___env_recursive_mutex                      c:/dev/micro/tools/arm-gnu-toolchain-11.3.rel1-mingw-w64-i686-arm-none-eabi/bin/../lib/gcc/arm-none-eabi/11.3.1/thumb/v7e-m+fp/hard\libc_nano.a(libc_a-lock.o)
__lock___malloc_recursive_mutex                   c:/dev/micro/tools/arm-gnu-toolchain-11.3.rel1-mingw-w64-i686-arm-none-eabi/bin/../lib/gcc/arm-none-eabi/11.3.1/thumb/v7e-m+fp/hard\libc_nano.a(libc_a-lock.o)
                                                  c:/dev/micro/tools/arm-gnu-toolchain-11.3.rel1-mingw-w64-i686-arm-none-eabi/bin/../lib/gcc/arm-none-eabi/11.3.1/thumb/v7e-m+fp/hard\libc_nano.a(libc_a-mlock.o)
__lock___sfp_recursive_mutex                      c:/dev/micro/tools/arm-gnu-toolchain-11.3.rel1-mingw-w64-i686-arm-none-eabi/bin/../lib/gcc/arm-none-eabi/11.3.1/thumb/v7e-m+fp/hard\libc_nano.a(libc_a-lock.o)
                                                  c:/dev/micro/tools/arm-gnu-toolchain-11.3.rel1-mingw-w64-i686-arm-none-eabi/bin/../lib/gcc/arm-none-eabi/11.3.1/thumb/v7e-m+fp/hard\libc_nano.a(libc_a-findfp.o)
__lock___tz_mutex                                 c:/dev/micro/tools/arm-gnu-toolchain-11.3.rel1-mingw-w64-i686-arm-none-eabi/bin/../lib/gcc/arm-none-eabi/11.3.1/thumb/v7e-m+fp/hard\libc_nano.a(libc_a-lock.o)
__malloc_free_list                                c:/dev/micro/tools/arm-gnu-toolchain-11.3.rel1-mingw-w64-i686-arm-none-eabi/bin/../lib/gcc/arm-none-eabi/11.3.1/thumb/v7e-m+fp/hard\libc_nano.a(libc_a-mallocr.o)
                                                  c:/dev/micro/tools/arm-gnu-toolchain-11.3.rel1-mingw-w64-i686-arm-none-eabi/bin/../lib/gcc/arm-none-eabi/11.3.1/thumb/v7e-m+fp/hard\libc_nano.a(libc_a-freer.o)
__malloc_lock                                     c:/dev/micro/tools/arm-gnu-toolchain-11.3.rel1-mingw-w64-i686-arm-none-eabi/bin/../lib/gcc/arm-none-eabi/11.3.1/thumb/v7e-m+fp/hard\libc_nano.a(libc_a-mlock.o)
                                                  c:/dev/micro/tools/arm-gnu-toolchain-11.3.rel1-mingw-w64-i686-arm-none-eabi/bin/../lib/gcc/arm-none-eabi/11.3.1/thumb/v7e-m+fp/hard\libc_nano.a(libc_a-mallocr.o)
                                                  c:/dev/micro/tools/arm-gnu-toolchain-11.3.rel1-mingw-w64-i686-arm-none-eabi/bin/../lib/gcc/arm-none-eabi/11.3.1/thumb/v7e-m+fp/hard\libc_nano.a(libc_a-freer.o)
__malloc_sbrk_start                               c:/dev/micro/tools/arm-gnu-toolchain-11.3.rel1-mingw-w64-i686-arm-none-eabi/bin/../lib/gcc/arm-none-eabi/11.3.1/thumb/v7e-m+fp/hard\libc_nano.a(libc_a-mallocr.o)
__malloc_unlock                                   c:/dev/micro/tools/arm-gnu-toolchain-11.3.rel1-mingw-w64-i686-arm-none-eabi/bin/../lib/gcc/arm-none-eabi/11.3.1/thumb/v7e-m+fp/hard\libc_nano.a(libc_a-mlock.o)
                                                  c:/dev/micro/tools/arm-gnu-toolchain-11.3.rel1-mingw-w64-i686-arm-none-eabi/bin/../lib/gcc/arm-none-eabi/11.3.1/thumb/v7e-m+fp/hard\libc_nano.a(libc_a-mallocr.o)
                                                  c:/dev/micro/tools/arm-gnu-toolchain-11.3.rel1-mingw-w64-i686-arm-none-eabi/bin/../lib/gcc/arm-none-eabi/11.3.1/thumb/v7e-m+fp/hard\libc_nano.a(libc_a-freer.o)
__preinit_array_end                               c:/dev/micro/tools/arm-gnu-toolchain-11.3.rel1-mingw-w64-i686-arm-none-eabi/bin/../lib/gcc/arm-none-eabi/11.3.1/thumb/v7e-m+fp/hard\libc_nano.a(libc_a-init.o)
__preinit_array_start                             c:/dev/micro/tools/arm-gnu-toolchain-11.3.rel1-mingw-w64-i686-arm-none-eabi/bin/../lib/gcc/arm-none-eabi/11.3.1/thumb/v7e-m+fp/hard\libc_nano.a(libc_a-init.o)
__register_frame_info                             c:/dev/micro/tools/arm-gnu-toolchain-11.3.rel1-mingw-w64-i686-arm-none-eabi/bin/../lib/gcc/arm-none-eabi/11.3.1/thumb/v7e-m+fp/hard/crtbegin.o
__retarget_lock_acquire                           c:/dev/micro/tools/arm-gnu-toolchain-11.3.rel1-mingw-w64-i686-arm-none-eabi/bin/../lib/gcc/arm-none-eabi/11.3.1/thumb/v7e-m+fp/hard\libc_nano.a(libc_a-lock.o)
__retarget_lock_acquire_recursive                 c:/dev/micro/tools/arm-gnu-toolchain-11.3.rel1-mingw-w64-i686-arm-none-eabi/bin/../lib/gcc/arm-none-eabi/11.3.1/thumb/v7e-m+fp/hard\libc_nano.a(libc_a-lock.o)
                                                  c:/dev/micro/tools/arm-gnu-toolchain-11.3.rel1-mingw-w64-i686-arm-none-eabi/bin/../lib/gcc/arm-none-eabi/11.3.1/thumb/v7e-m+fp/hard\libc_nano.a(libc_a-fflush.o)
                                                  c:/dev/micro/tools/arm-gnu-toolchain-11.3.rel1-mingw-w64-i686-arm-none-eabi/bin/../lib/gcc/arm-none-eabi/11.3.1/thumb/v7e-m+fp/hard\libc_nano.a(libc_a-mlock.o)
                                                  c:/dev/micro/tools/arm-gnu-toolchain-11.3.rel1-mingw-w64-i686-arm-none-eabi/bin/../lib/gcc/arm-none-eabi/11.3.1/thumb/v7e-m+fp/hard\libc_nano.a(libc_a-findfp.o)
__retarget_lock_close                             c:/dev/micro/tools/arm-gnu-toolchain-11.3.rel1-mingw-w64-i686-arm-none-eabi/bin/../lib/gcc/arm-none-eabi/11.3.1/thumb/v7e-m+fp/hard\libc_nano.a(libc_a-lock.o)
__retarget_lock_close_recursive                   c:/dev/micro/tools/arm-gnu-toolchain-11.3.rel1-mingw-w64-i686-arm-none-eabi/bin/../lib/gcc/arm-none-eabi/11.3.1/thumb/v7e-m+fp/hard\libc_nano.a(libc_a-lock.o)
__retarget_lock_init                              c:/dev/micro/tools/arm-gnu-toolchain-11.3.rel1-mingw-w64-i686-arm-none-eabi/bin/../lib/gcc/arm-none-eabi/11.3.1/thumb/v7e-m+fp/hard\libc_nano.a(libc_a-lock.o)
__retarget_lock_init_recursive                    c:/dev/micro/tools/arm-gnu-toolchain-11.3.rel1-mingw-w64-i686-arm-none-eabi/bin/../lib/gcc/arm-none-eabi/11.3.1/thumb/v7e-m+fp/hard\libc_nano.a(libc_a-lock.o)
                                                  c:/dev/micro/tools/arm-gnu-toolchain-11.3.rel1-mingw-w64-i686-arm-none-eabi/bin/../lib/gcc/arm-none-eabi/11.3.1/thumb/v7e-m+fp/hard\libc_nano.a(libc_a-findfp.o)
__retarget_lock_release                           c:/dev/micro/tools/arm-gnu-toolchain-11.3.rel1-mingw-w64-i686-arm-none-eabi/bin/../lib/gcc/arm-none-eabi/11.3.1/thumb/v7e-m+fp/hard\libc_nano.a(libc_a-lock.o)
__retarget_lock_release_recursive                 c:/dev/micro/tools/arm-gnu-toolchain-11.3.rel1-mingw-w64-i686-arm-none-eabi/bin/../lib/gcc/arm-none-eabi/11.3.1/thumb/v7e-m+fp/hard\libc_nano.a(libc_a-lock.o)
                                                  c:/dev/micro/tools/arm-gnu-toolchain-11.3.rel1-mingw-w64-i686-arm-none-eabi/bin/../lib/gcc/arm-none-eabi/11.3.1/thumb/v7e-m+fp/hard\libc_nano.a(libc_a-fflush.o)
                                                  c:/dev/micro/tools/arm-gnu-toolchain-11.3.rel1-mingw-w64-i686-arm-none-eabi/bin/../lib/gcc/arm-none-eabi/11.3.1/thumb/v7e-m+fp/hard\libc_nano.a(libc_a-mlock.o)
                                                  c:/dev/micro/tools/arm-gnu-toolchain-11.3.rel1-mingw-w64-i686-arm-none-eabi/bin/../lib/gcc/arm-none-eabi/11.3.1/thumb/v7e-m+fp/hard\libc_nano.a(libc_a-findfp.o)
__retarget_lock_try_acquire                       c:/dev/micro/tools/arm-gnu-toolchain-11.3.rel1-mingw-w64-i686-arm-none-eabi/bin/../lib/gcc/arm-none-eabi/11.3.1/thumb/v7e-m+fp/hard\libc_nano.a(libc_a-lock.o)
__retarget_lock_try_acquire_recursive             c:/dev/micro/tools/arm-gnu-toolchain-11.3.rel1-mingw-w64-i686-arm-none-eabi/bin/../lib/gcc/arm-none-eabi/11.3.1/thumb/v7e-m+fp/hard\libc_nano.a(libc_a-lock.o)
__sclose                                          c:/dev/micro/tools/arm-gnu-toolchain-11.3.rel1-mingw-w64-i686-arm-none-eabi/bin/../lib/gcc/arm-none-eabi/11.3.1/thumb/v7e-m+fp/hard\libc_nano.a(libc_a-stdio.o)
                                                  c:/dev/micro/tools/arm-gnu-toolchain-11.3.rel1-mingw-w64-i686-arm-none-eabi/bin/../lib/gcc/arm-none-eabi/11.3.1/thumb/v7e-m+fp/hard\libc_nano.a(libc_a-findfp.o)
__seofread                                        c:/dev/micro/tools/arm-gnu-toolchain-11.3.rel1-mingw-w64-i686-arm-none-eabi/bin/../lib/gcc/arm-none-eabi/11.3.1/thumb/v7e-m+fp/hard\libc_nano.a(libc_a-stdio.o)
__sf                                              c:/dev/micro/tools/arm-gnu-toolchain-11.3.rel1-mingw-w64-i686-arm-none-eabi/bin/../lib/gcc/arm-none-eabi/11.3.1/thumb/v7e-m+fp/hard\libc_nano.a(libc_a-findfp.o)
                                                  c:/dev/micro/tools/arm-gnu-toolchain-11.3.rel1-mingw-w64-i686-arm-none-eabi/bin/../lib/gcc/arm-none-eabi/11.3.1/thumb/v7e-m+fp/hard\libc_nano.a(libc_a-impure.o)
__sflush_r                                        c:/dev/micro/tools/arm-gnu-toolchain-11.3.rel1-mingw-w64-i686-arm-none-eabi/bin/../lib/gcc/arm-none-eabi/11.3.1/thumb/v7e-m+fp/hard\libc_nano.a(libc_a-fflush.o)
__sfp                                             c:/dev/micro/tools/arm-gnu-toolchain-11.3.rel1-mingw-w64-i686-arm-none-eabi/bin/../lib/gcc/arm-none-eabi/11.3.1/thumb/v7e-m+fp/hard\libc_nano.a(libc_a-findfp.o)
__sfp_lock_acquire                                c:/dev/micro/tools/arm-gnu-toolchain-11.3.rel1-mingw-w64-i686-arm-none-eabi/bin/../lib/gcc/arm-none-eabi/11.3.1/thumb/v7e-m+fp/hard\libc_nano.a(libc_a-findfp.o)
__sfp_lock_release                                c:/dev/micro/tools/arm-gnu-toolchain-11.3.rel1-mingw-w64-i686-arm-none-eabi/bin/../lib/gcc/arm-none-eabi/11.3.1/thumb/v7e-m+fp/hard\libc_nano.a(libc_a-findfp.o)
__sglue                                           c:/dev/micro/tools/arm-gnu-toolchain-11.3.rel1-mingw-w64-i686-arm-none-eabi/bin/../lib/gcc/arm-none-eabi/11.3.1/thumb/v7e-m+fp/hard\libc_nano.a(libc_a-findfp.o)
                                                  c:/dev/micro/tools/arm-gnu-toolchain-11.3.rel1-mingw-w64-i686-arm-none-eabi/bin/../lib/gcc/arm-none-eabi/11.3.1/thumb/v7e-m+fp/hard\libc_nano.a(libc_a-fflush.o)
__sinit                                           c:/dev/micro/tools/arm-gnu-toolchain-11.3.rel1-mingw-w64-i686-arm-none-eabi/bin/../lib/gcc/arm-none-eabi/11.3.1/thumb/v7e-m+fp/hard\libc_nano.a(libc_a-findfp.o)
                                                  c:/dev/micro/tools/arm-gnu-toolchain-11.3.rel1-mingw-w64-i686-arm-none-eabi/bin/../lib/gcc/arm-none-eabi/11.3.1/thumb/v7e-m+fp/hard\libc_nano.a(libc_a-fflush.o)
__sread                                           c:/dev/micro/tools/arm-gnu-toolchain-11.3.rel1-mingw-w64-i686-arm-none-eabi/bin/../lib/gcc/arm-none-eabi/11.3.1/thumb/v7e-m+fp/hard\libc_nano.a(libc_a-stdio.o)
                                                  c:/dev/micro/tools/arm-gnu-toolchain-11.3.rel1-mingw-w64-i686-arm-none-eabi/bin/../lib/gcc/arm-none-eabi/11.3.1/thumb/v7e-m+fp/hard\libc_nano.a(libc_a-findfp.o)
__sseek                                           c:/dev/micro/tools/arm-gnu-toolchain-11.3.rel1-mingw-w64-i686-arm-none-eabi/bin/../lib/gcc/arm-none-eabi/11.3.1/thumb/v7e-m+fp/hard\libc_nano.a(libc_a-stdio.o)
                                                  c:/dev/micro/tools/arm-gnu-toolchain-11.3.rel1-mingw-w64-i686-arm-none-eabi/bin/../lib/gcc/arm-none-eabi/11.3.1/thumb/v7e-m+fp/hard\libc_nano.a(libc_a-findfp.o)
__stack                                           c:/dev/micro/tools/arm-gnu-toolchain-11.3.rel1-mingw-w64-i686-arm-none-eabi/bin/../lib/gcc/arm-none-eabi/11.3.1/thumb/v7e-m+fp/hard/crt0.o
__stdio_exit_handler                              c:/dev/micro/tools/arm-gnu-toolchain-11.3.rel1-mingw-w64-i686-arm-none-eabi/bin/../lib/gcc/arm-none-eabi/11.3.1/thumb/v7e-m+fp/hard\libc_nano.a(libc_a-findfp.o)
                                                  c:/dev/micro/tools/arm-gnu-toolchain-11.3.rel1-mingw-w64-i686-arm-none-eabi/bin/../lib/gcc/arm-none-eabi/11.3.1/thumb/v7e-m+fp/hard\libc_nano.a(libc_a-exit.o)
__swrite                                          c:/dev/micro/tools/arm-gnu-toolchain-11.3.rel1-mingw-w64-i686-arm-none-eabi/bin/../lib/gcc/arm-none-eabi/11.3.1/thumb/v7e-m+fp/hard\libc_nano.a(libc_a-stdio.o)
                                                  c:/dev/micro/tools/arm-gnu-toolchain-11.3.rel1-mingw-w64-i686-arm-none-eabi/bin/../lib/gcc/arm-none-eabi/11.3.1/thumb/v7e-m+fp/hard\libc_nano.a(libc_a-findfp.o)
__udivmoddi4                                      c:/dev/micro/tools/arm-gnu-toolchain-11.3.rel1-mingw-w64-i686-arm-none-eabi/bin/../lib/gcc/arm-none-eabi/11.3.1/thumb/v7e-m+fp/hard\libgcc.a(_udivmoddi4.o)
                                                  c:/dev/micro/tools/arm-gnu-toolchain-11.3.rel1-mingw-w64-i686-arm-none-eabi/bin/../lib/gcc/arm-none-eabi/11.3.1/thumb/v7e-m+fp/hard\libgcc.a(_aeabi_uldivmod.o)
_close                                            c:/dev/micro/tools/arm-gnu-toolchain-11.3.rel1-mingw-w64-i686-arm-none-eabi/bin/../lib/gcc/arm-none-eabi/11.3.1/thumb/v7e-m+fp/hard\libnosys.a(close.o)
                                                  c:/dev/micro/tools/arm-gnu-toolchain-11.3.rel1-mingw-w64-i686-arm-none-eabi/bin/../lib/gcc/arm-none-eabi/11.3.1/thumb/v7e-m+fp/hard\libc_nano.a(libc_a-closer.o)
_close_r                                          c:/dev/micro/tools/arm-gnu-toolchain-11.3.rel1-mingw-w64-i686-arm-none-eabi/bin/../lib/gcc/arm-none-eabi/11.3.1/thumb/v7e-m+fp/hard\libc_nano.a(libc_a-closer.o)
                                                  c:/dev/micro/tools/arm-gnu-toolchain-11.3.rel1-mingw-w64-i686-arm-none-eabi/bin/../lib/gcc/arm-none-eabi/11.3.1/thumb/v7e-m+fp/hard\libc_nano.a(libc_a-stdio.o)
_ebss                                             build/startup_stm32f411xe.o
_edata                                            build/startup_stm32f411xe.o
_estack                                           build/startup_stm32f411xe.o
_exit                                             c:/dev/micro/tools/arm-gnu-toolchain-11.3.rel1-mingw-w64-i686-arm-none-eabi/bin/../lib/gcc/arm-none-eabi/11.3.1/thumb/v7e-m+fp/hard\libnosys.a(_exit.o)
                                                  c:/dev/micro/tools/arm-gnu-toolchain-11.3.rel1-mingw-w64-i686-arm-none-eabi/bin/../lib/gcc/arm-none-eabi/11.3.1/thumb/v7e-m+fp/hard\libc_nano.a(libc_a-exit.o)
_fflush_r                                         c:/dev/micro/tools/arm-gnu-toolchain-11.3.rel1-mingw-w64-i686-arm-none-eabi/bin/../lib/gcc/arm-none-eabi/11.3.1/thumb/v7e-m+fp/hard\libc_nano.a(libc_a-fflush.o)